<!doctype html public "-//w3c//dtd html 4.0 transitional//en">
<html><head>
<title>Static Call Graph - [STM32F469I-DISCO-REV-AU1\STM32F469I-DISCO-REV-AU1.axf]</title></head>
<body><HR>
<H1>Static Call Graph for image STM32F469I-DISCO-REV-AU1\STM32F469I-DISCO-REV-AU1.axf</H1><HR>
<BR><P>#&#060CALLGRAPH&#062# ARM Linker, 5060960: Last Updated: Sun Apr 13 21:52:41 2025
<BR><P>
<H3>Maximum Stack Usage =       1000 bytes + Unknown(Functions without stacksize, Cycles, Untraceable Function Pointers)</H3><H3>
Call chain for Maximum Stack Depth:</H3>
touchgfx::GraphLabelsY::drawString(const touchgfx::Rect&, const touchgfx::Font*, const touchgfx::AbstractDataGraph*, int, int, unsigned char) const &rArr; touchgfx::LCD::drawString(touchgfx::Rect, const touchgfx::Rect&, const touchgfx::LCD::StringVisuals&, const unsigned short*, ...) &rArr; touchgfx::LCD::drawStringLTR(const touchgfx::Rect&, const touchgfx::Rect&, const touchgfx::LCD::StringVisuals&, const unsigned short*, std::__va_list) &rArr; touchgfx::LCD::drawStringInternal(unsigned short*, const touchgfx::Rect*, short, short, const touchgfx::Rect&, const touchgfx::LCD::StringVisuals*, unsigned char, touchgfx::TextProvider&, int, bool) &rArr; touchgfx::TextProvider::getNextLigature(unsigned char, const touchgfx::Font*, const touchgfx::GlyphNode*&, const unsigned char*&, unsigned char&) &rArr; touchgfx::TextProvider::getNextLigature(unsigned char) &rArr; touchgfx::TextProvider::substituteGlyphs() &rArr; touchgfx::TextProvider::applyGsubRules(const unsigned short*, unsigned short) &rArr; touchgfx::TextProvider::replaceInputCharacters(unsigned short, unsigned short, const unsigned short*) &rArr; touchgfx::TextProvider::fillInputBuffer() &rArr; abort &rArr; __rt_SIGABRT &rArr; __rt_SIGABRT_inner &rArr; __default_signal_display &rArr; _ttywrch
<P>
<H3>
Functions with no stack information
</H3><UL>
 <LI><a href="#[1f4]">__user_initial_stackheap</a>
</UL>
</UL>
<P>
<H3>
Mutually Recursive functions
</H3> <LI><a href="#[36]">ADC_IRQHandler</a>&nbsp;&nbsp;&nbsp;&rArr;&nbsp;&nbsp;&nbsp;<a href="#[36]">ADC_IRQHandler</a><BR>
 <LI><a href="#[1e]">BusFault_Handler</a>&nbsp;&nbsp;&nbsp;&rArr;&nbsp;&nbsp;&nbsp;<a href="#[1e]">BusFault_Handler</a><BR>
 <LI><a href="#[1c]">HardFault_Handler</a>&nbsp;&nbsp;&nbsp;&rArr;&nbsp;&nbsp;&nbsp;<a href="#[1c]">HardFault_Handler</a><BR>
 <LI><a href="#[1d]">MemManage_Handler</a>&nbsp;&nbsp;&nbsp;&rArr;&nbsp;&nbsp;&nbsp;<a href="#[1d]">MemManage_Handler</a><BR>
 <LI><a href="#[b0]">StartDefaultTask</a>&nbsp;&nbsp;&nbsp;&rArr;&nbsp;&nbsp;&nbsp;<a href="#[b0]">StartDefaultTask</a><BR>
 <LI><a href="#[1f]">UsageFault_Handler</a>&nbsp;&nbsp;&nbsp;&rArr;&nbsp;&nbsp;&nbsp;<a href="#[1f]">UsageFault_Handler</a><BR>
 <LI><a href="#[350]">touchgfx::muldivu(unsigned, unsigned, unsigned, unsigned&)</a>&nbsp;&nbsp;&nbsp;&rArr;&nbsp;&nbsp;&nbsp;<a href="#[350]">touchgfx::muldivu(unsigned, unsigned, unsigned, unsigned&)</a><BR>
 <LI><a href="#[313]">touchgfx::CWRVectorRenderer::StrokeCanvas::strokeDrawLineJoinRound(float, float, float, float, float, float, int)</a>&nbsp;&nbsp;&nbsp;&rArr;&nbsp;&nbsp;&nbsp;<a href="#[313]">touchgfx::CWRVectorRenderer::StrokeCanvas::strokeDrawLineJoinRound(float, float, float, float, float, float, int)</a><BR>
 <LI><a href="#[342]">touchgfx::Canvas::recursiveQuadraticBezier(float, float, float, float, float, float, unsigned)</a>&nbsp;&nbsp;&nbsp;&rArr;&nbsp;&nbsp;&nbsp;<a href="#[342]">touchgfx::Canvas::recursiveQuadraticBezier(float, float, float, float, float, float, unsigned)</a><BR>
 <LI><a href="#[33e]">touchgfx::Canvas::recursiveCubicBezier(float, float, float, float, float, float, float, float, unsigned)</a>&nbsp;&nbsp;&nbsp;&rArr;&nbsp;&nbsp;&nbsp;<a href="#[33e]">touchgfx::Canvas::recursiveCubicBezier(float, float, float, float, float, float, float, float, unsigned)</a><BR>
 <LI><a href="#[307]">touchgfx::TouchCalibration::muldivu(unsigned, unsigned, unsigned, unsigned, unsigned, unsigned&)</a>&nbsp;&nbsp;&nbsp;&rArr;&nbsp;&nbsp;&nbsp;<a href="#[307]">touchgfx::TouchCalibration::muldivu(unsigned, unsigned, unsigned, unsigned, unsigned, unsigned&)</a><BR>
 <LI><a href="#[34f]">touchgfx::Screen::JSMOC(const touchgfx::Rect&, touchgfx::Drawable*)</a>&nbsp;&nbsp;&nbsp;&rArr;&nbsp;&nbsp;&nbsp;<a href="#[34f]">touchgfx::Screen::JSMOC(const touchgfx::Rect&, touchgfx::Drawable*)</a><BR>
 <LI><a href="#[353]">touchgfx::CWRUtil::length(touchgfx::CWRUtil::Q5, touchgfx::CWRUtil::Q5)</a>&nbsp;&nbsp;&nbsp;&rArr;&nbsp;&nbsp;&nbsp;<a href="#[353]">touchgfx::CWRUtil::length(touchgfx::CWRUtil::Q5, touchgfx::CWRUtil::Q5)</a><BR>
 <LI><a href="#[84]">DMA2D_XferErrorCallback(__DMA2D_HandleTypeDef*)</a>&nbsp;&nbsp;&nbsp;&rArr;&nbsp;&nbsp;&nbsp;<a href="#[84]">DMA2D_XferErrorCallback(__DMA2D_HandleTypeDef*)</a><BR>
</UL>
<P>
<H3>
Function Pointers
</H3><UL>
 <LI><a href="#[36]">ADC_IRQHandler</a> from startup_stm32f469xx.o(.text) referenced from startup_stm32f469xx.o(RESET)
 <LI><a href="#[1e]">BusFault_Handler</a> from stm32f4xx_it.o(i.BusFault_Handler) referenced from startup_stm32f469xx.o(RESET)
 <LI><a href="#[38]">CAN1_RX0_IRQHandler</a> from startup_stm32f469xx.o(.text) referenced from startup_stm32f469xx.o(RESET)
 <LI><a href="#[39]">CAN1_RX1_IRQHandler</a> from startup_stm32f469xx.o(.text) referenced from startup_stm32f469xx.o(RESET)
 <LI><a href="#[3a]">CAN1_SCE_IRQHandler</a> from startup_stm32f469xx.o(.text) referenced from startup_stm32f469xx.o(RESET)
 <LI><a href="#[37]">CAN1_TX_IRQHandler</a> from startup_stm32f469xx.o(.text) referenced from startup_stm32f469xx.o(RESET)
 <LI><a href="#[64]">CAN2_RX0_IRQHandler</a> from startup_stm32f469xx.o(.text) referenced from startup_stm32f469xx.o(RESET)
 <LI><a href="#[65]">CAN2_RX1_IRQHandler</a> from startup_stm32f469xx.o(.text) referenced from startup_stm32f469xx.o(RESET)
 <LI><a href="#[66]">CAN2_SCE_IRQHandler</a> from startup_stm32f469xx.o(.text) referenced from startup_stm32f469xx.o(RESET)
 <LI><a href="#[63]">CAN2_TX_IRQHandler</a> from startup_stm32f469xx.o(.text) referenced from startup_stm32f469xx.o(RESET)
 <LI><a href="#[72]">DCMI_IRQHandler</a> from startup_stm32f469xx.o(.text) referenced from startup_stm32f469xx.o(RESET)
 <LI><a href="#[2f]">DMA1_Stream0_IRQHandler</a> from startup_stm32f469xx.o(.text) referenced from startup_stm32f469xx.o(RESET)
 <LI><a href="#[30]">DMA1_Stream1_IRQHandler</a> from startup_stm32f469xx.o(.text) referenced from startup_stm32f469xx.o(RESET)
 <LI><a href="#[31]">DMA1_Stream2_IRQHandler</a> from startup_stm32f469xx.o(.text) referenced from startup_stm32f469xx.o(RESET)
 <LI><a href="#[32]">DMA1_Stream3_IRQHandler</a> from startup_stm32f469xx.o(.text) referenced from startup_stm32f469xx.o(RESET)
 <LI><a href="#[33]">DMA1_Stream4_IRQHandler</a> from startup_stm32f469xx.o(.text) referenced from startup_stm32f469xx.o(RESET)
 <LI><a href="#[34]">DMA1_Stream5_IRQHandler</a> from startup_stm32f469xx.o(.text) referenced from startup_stm32f469xx.o(RESET)
 <LI><a href="#[35]">DMA1_Stream6_IRQHandler</a> from startup_stm32f469xx.o(.text) referenced from startup_stm32f469xx.o(RESET)
 <LI><a href="#[53]">DMA1_Stream7_IRQHandler</a> from startup_stm32f469xx.o(.text) referenced from startup_stm32f469xx.o(RESET)
 <LI><a href="#[7d]">DMA2D_IRQHandler</a> from stm32f4xx_it.o(i.DMA2D_IRQHandler) referenced from startup_stm32f469xx.o(RESET)
 <LI><a href="#[5c]">DMA2_Stream0_IRQHandler</a> from startup_stm32f469xx.o(.text) referenced from startup_stm32f469xx.o(RESET)
 <LI><a href="#[5d]">DMA2_Stream1_IRQHandler</a> from startup_stm32f469xx.o(.text) referenced from startup_stm32f469xx.o(RESET)
 <LI><a href="#[5e]">DMA2_Stream2_IRQHandler</a> from startup_stm32f469xx.o(.text) referenced from startup_stm32f469xx.o(RESET)
 <LI><a href="#[5f]">DMA2_Stream3_IRQHandler</a> from startup_stm32f469xx.o(.text) referenced from startup_stm32f469xx.o(RESET)
 <LI><a href="#[60]">DMA2_Stream4_IRQHandler</a> from startup_stm32f469xx.o(.text) referenced from startup_stm32f469xx.o(RESET)
 <LI><a href="#[68]">DMA2_Stream5_IRQHandler</a> from startup_stm32f469xx.o(.text) referenced from startup_stm32f469xx.o(RESET)
 <LI><a href="#[69]">DMA2_Stream6_IRQHandler</a> from startup_stm32f469xx.o(.text) referenced from startup_stm32f469xx.o(RESET)
 <LI><a href="#[6a]">DMA2_Stream7_IRQHandler</a> from startup_stm32f469xx.o(.text) referenced from startup_stm32f469xx.o(RESET)
 <LI><a href="#[7f]">DSI_IRQHandler</a> from stm32f4xx_it.o(i.DSI_IRQHandler) referenced from startup_stm32f469xx.o(RESET)
 <LI><a href="#[21]">DebugMon_Handler</a> from stm32f4xx_it.o(i.DebugMon_Handler) referenced from startup_stm32f469xx.o(RESET)
 <LI><a href="#[61]">ETH_IRQHandler</a> from startup_stm32f469xx.o(.text) referenced from startup_stm32f469xx.o(RESET)
 <LI><a href="#[62]">ETH_WKUP_IRQHandler</a> from startup_stm32f469xx.o(.text) referenced from startup_stm32f469xx.o(RESET)
 <LI><a href="#[2a]">EXTI0_IRQHandler</a> from startup_stm32f469xx.o(.text) referenced from startup_stm32f469xx.o(RESET)
 <LI><a href="#[4c]">EXTI15_10_IRQHandler</a> from startup_stm32f469xx.o(.text) referenced from startup_stm32f469xx.o(RESET)
 <LI><a href="#[2b]">EXTI1_IRQHandler</a> from startup_stm32f469xx.o(.text) referenced from startup_stm32f469xx.o(RESET)
 <LI><a href="#[2c]">EXTI2_IRQHandler</a> from startup_stm32f469xx.o(.text) referenced from startup_stm32f469xx.o(RESET)
 <LI><a href="#[2d]">EXTI3_IRQHandler</a> from startup_stm32f469xx.o(.text) referenced from startup_stm32f469xx.o(RESET)
 <LI><a href="#[2e]">EXTI4_IRQHandler</a> from startup_stm32f469xx.o(.text) referenced from startup_stm32f469xx.o(RESET)
 <LI><a href="#[3b]">EXTI9_5_IRQHandler</a> from startup_stm32f469xx.o(.text) referenced from startup_stm32f469xx.o(RESET)
 <LI><a href="#[28]">FLASH_IRQHandler</a> from startup_stm32f469xx.o(.text) referenced from startup_stm32f469xx.o(RESET)
 <LI><a href="#[54]">FMC_IRQHandler</a> from startup_stm32f469xx.o(.text) referenced from startup_stm32f469xx.o(RESET)
 <LI><a href="#[74]">FPU_IRQHandler</a> from startup_stm32f469xx.o(.text) referenced from startup_stm32f469xx.o(RESET)
 <LI><a href="#[73]">HASH_RNG_IRQHandler</a> from startup_stm32f469xx.o(.text) referenced from startup_stm32f469xx.o(RESET)
 <LI><a href="#[1c]">HardFault_Handler</a> from stm32f4xx_it.o(i.HardFault_Handler) referenced from startup_stm32f469xx.o(RESET)
 <LI><a href="#[44]">I2C1_ER_IRQHandler</a> from startup_stm32f469xx.o(.text) referenced from startup_stm32f469xx.o(RESET)
 <LI><a href="#[43]">I2C1_EV_IRQHandler</a> from startup_stm32f469xx.o(.text) referenced from startup_stm32f469xx.o(RESET)
 <LI><a href="#[46]">I2C2_ER_IRQHandler</a> from startup_stm32f469xx.o(.text) referenced from startup_stm32f469xx.o(RESET)
 <LI><a href="#[45]">I2C2_EV_IRQHandler</a> from startup_stm32f469xx.o(.text) referenced from startup_stm32f469xx.o(RESET)
 <LI><a href="#[6d]">I2C3_ER_IRQHandler</a> from startup_stm32f469xx.o(.text) referenced from startup_stm32f469xx.o(RESET)
 <LI><a href="#[6c]">I2C3_EV_IRQHandler</a> from startup_stm32f469xx.o(.text) referenced from startup_stm32f469xx.o(RESET)
 <LI><a href="#[b4]">IdleTaskHook</a> from touchgfxhal.o(i.IdleTaskHook) referenced from freertos.o(i.vApplicationIdleHook)
 <LI><a href="#[7c]">LTDC_ER_IRQHandler</a> from startup_stm32f469xx.o(.text) referenced from startup_stm32f469xx.o(RESET)
 <LI><a href="#[7b]">LTDC_IRQHandler</a> from stm32f4xx_it.o(i.LTDC_IRQHandler) referenced from startup_stm32f469xx.o(RESET)
 <LI><a href="#[1d]">MemManage_Handler</a> from stm32f4xx_it.o(i.MemManage_Handler) referenced from startup_stm32f469xx.o(RESET)
 <LI><a href="#[1b]">NMI_Handler</a> from stm32f4xx_it.o(i.NMI_Handler) referenced from startup_stm32f469xx.o(RESET)
 <LI><a href="#[67]">OTG_FS_IRQHandler</a> from startup_stm32f469xx.o(.text) referenced from startup_stm32f469xx.o(RESET)
 <LI><a href="#[4e]">OTG_FS_WKUP_IRQHandler</a> from startup_stm32f469xx.o(.text) referenced from startup_stm32f469xx.o(RESET)
 <LI><a href="#[6f]">OTG_HS_EP1_IN_IRQHandler</a> from startup_stm32f469xx.o(.text) referenced from startup_stm32f469xx.o(RESET)
 <LI><a href="#[6e]">OTG_HS_EP1_OUT_IRQHandler</a> from startup_stm32f469xx.o(.text) referenced from startup_stm32f469xx.o(RESET)
 <LI><a href="#[71]">OTG_HS_IRQHandler</a> from startup_stm32f469xx.o(.text) referenced from startup_stm32f469xx.o(RESET)
 <LI><a href="#[70]">OTG_HS_WKUP_IRQHandler</a> from startup_stm32f469xx.o(.text) referenced from startup_stm32f469xx.o(RESET)
 <LI><a href="#[25]">PVD_IRQHandler</a> from startup_stm32f469xx.o(.text) referenced from startup_stm32f469xx.o(RESET)
 <LI><a href="#[22]">PendSV_Handler</a> from port.o(.emb_text) referenced from startup_stm32f469xx.o(RESET)
 <LI><a href="#[7e]">QUADSPI_IRQHandler</a> from startup_stm32f469xx.o(.text) referenced from startup_stm32f469xx.o(RESET)
 <LI><a href="#[29]">RCC_IRQHandler</a> from startup_stm32f469xx.o(.text) referenced from startup_stm32f469xx.o(RESET)
 <LI><a href="#[4d]">RTC_Alarm_IRQHandler</a> from startup_stm32f469xx.o(.text) referenced from startup_stm32f469xx.o(RESET)
 <LI><a href="#[27]">RTC_WKUP_IRQHandler</a> from startup_stm32f469xx.o(.text) referenced from startup_stm32f469xx.o(RESET)
 <LI><a href="#[1a]">Reset_Handler</a> from startup_stm32f469xx.o(.text) referenced from startup_stm32f469xx.o(RESET)
 <LI><a href="#[7a]">SAI1_IRQHandler</a> from startup_stm32f469xx.o(.text) referenced from startup_stm32f469xx.o(RESET)
 <LI><a href="#[55]">SDIO_IRQHandler</a> from startup_stm32f469xx.o(.text) referenced from startup_stm32f469xx.o(RESET)
 <LI><a href="#[47]">SPI1_IRQHandler</a> from startup_stm32f469xx.o(.text) referenced from startup_stm32f469xx.o(RESET)
 <LI><a href="#[48]">SPI2_IRQHandler</a> from startup_stm32f469xx.o(.text) referenced from startup_stm32f469xx.o(RESET)
 <LI><a href="#[57]">SPI3_IRQHandler</a> from startup_stm32f469xx.o(.text) referenced from startup_stm32f469xx.o(RESET)
 <LI><a href="#[77]">SPI4_IRQHandler</a> from startup_stm32f469xx.o(.text) referenced from startup_stm32f469xx.o(RESET)
 <LI><a href="#[78]">SPI5_IRQHandler</a> from startup_stm32f469xx.o(.text) referenced from startup_stm32f469xx.o(RESET)
 <LI><a href="#[79]">SPI6_IRQHandler</a> from startup_stm32f469xx.o(.text) referenced from startup_stm32f469xx.o(RESET)
 <LI><a href="#[20]">SVC_Handler</a> from port.o(.emb_text) referenced from startup_stm32f469xx.o(RESET)
 <LI><a href="#[b0]">StartDefaultTask</a> from main.o(i.StartDefaultTask) referenced from main.o(i.main)
 <LI><a href="#[23]">SysTick_Handler</a> from cmsis_os2.o(i.SysTick_Handler) referenced from startup_stm32f469xx.o(RESET)
 <LI><a href="#[80]">SystemInit</a> from system_stm32f4xx.o(i.SystemInit) referenced from startup_stm32f469xx.o(.text)
 <LI><a href="#[26]">TAMP_STAMP_IRQHandler</a> from startup_stm32f469xx.o(.text) referenced from startup_stm32f469xx.o(RESET)
 <LI><a href="#[3c]">TIM1_BRK_TIM9_IRQHandler</a> from startup_stm32f469xx.o(.text) referenced from startup_stm32f469xx.o(RESET)
 <LI><a href="#[3f]">TIM1_CC_IRQHandler</a> from startup_stm32f469xx.o(.text) referenced from startup_stm32f469xx.o(RESET)
 <LI><a href="#[3e]">TIM1_TRG_COM_TIM11_IRQHandler</a> from startup_stm32f469xx.o(.text) referenced from startup_stm32f469xx.o(RESET)
 <LI><a href="#[3d]">TIM1_UP_TIM10_IRQHandler</a> from startup_stm32f469xx.o(.text) referenced from startup_stm32f469xx.o(RESET)
 <LI><a href="#[40]">TIM2_IRQHandler</a> from startup_stm32f469xx.o(.text) referenced from startup_stm32f469xx.o(RESET)
 <LI><a href="#[41]">TIM3_IRQHandler</a> from startup_stm32f469xx.o(.text) referenced from startup_stm32f469xx.o(RESET)
 <LI><a href="#[42]">TIM4_IRQHandler</a> from startup_stm32f469xx.o(.text) referenced from startup_stm32f469xx.o(RESET)
 <LI><a href="#[56]">TIM5_IRQHandler</a> from startup_stm32f469xx.o(.text) referenced from startup_stm32f469xx.o(RESET)
 <LI><a href="#[5a]">TIM6_DAC_IRQHandler</a> from stm32f4xx_it.o(i.TIM6_DAC_IRQHandler) referenced from startup_stm32f469xx.o(RESET)
 <LI><a href="#[5b]">TIM7_IRQHandler</a> from startup_stm32f469xx.o(.text) referenced from startup_stm32f469xx.o(RESET)
 <LI><a href="#[4f]">TIM8_BRK_TIM12_IRQHandler</a> from startup_stm32f469xx.o(.text) referenced from startup_stm32f469xx.o(RESET)
 <LI><a href="#[52]">TIM8_CC_IRQHandler</a> from startup_stm32f469xx.o(.text) referenced from startup_stm32f469xx.o(RESET)
 <LI><a href="#[51]">TIM8_TRG_COM_TIM14_IRQHandler</a> from startup_stm32f469xx.o(.text) referenced from startup_stm32f469xx.o(RESET)
 <LI><a href="#[50]">TIM8_UP_TIM13_IRQHandler</a> from startup_stm32f469xx.o(.text) referenced from startup_stm32f469xx.o(RESET)
 <LI><a href="#[b1]">TouchGFX_Task</a> from app_touchgfx.o(i.TouchGFX_Task) referenced from main.o(i.main)
 <LI><a href="#[58]">UART4_IRQHandler</a> from startup_stm32f469xx.o(.text) referenced from startup_stm32f469xx.o(RESET)
 <LI><a href="#[59]">UART5_IRQHandler</a> from startup_stm32f469xx.o(.text) referenced from startup_stm32f469xx.o(RESET)
 <LI><a href="#[75]">UART7_IRQHandler</a> from startup_stm32f469xx.o(.text) referenced from startup_stm32f469xx.o(RESET)
 <LI><a href="#[76]">UART8_IRQHandler</a> from startup_stm32f469xx.o(.text) referenced from startup_stm32f469xx.o(RESET)
 <LI><a href="#[49]">USART1_IRQHandler</a> from startup_stm32f469xx.o(.text) referenced from startup_stm32f469xx.o(RESET)
 <LI><a href="#[4a]">USART2_IRQHandler</a> from startup_stm32f469xx.o(.text) referenced from startup_stm32f469xx.o(RESET)
 <LI><a href="#[4b]">USART3_IRQHandler</a> from startup_stm32f469xx.o(.text) referenced from startup_stm32f469xx.o(RESET)
 <LI><a href="#[6b]">USART6_IRQHandler</a> from startup_stm32f469xx.o(.text) referenced from startup_stm32f469xx.o(RESET)
 <LI><a href="#[1f]">UsageFault_Handler</a> from stm32f4xx_it.o(i.UsageFault_Handler) referenced from startup_stm32f469xx.o(RESET)
 <LI><a href="#[24]">WWDG_IRQHandler</a> from startup_stm32f469xx.o(.text) referenced from startup_stm32f469xx.o(RESET)
 <LI><a href="#[83]">DMA2D_XferCpltCallback(__DMA2D_HandleTypeDef*)</a> from stm32dma.o(i._Z22DMA2D_XferCpltCallbackP21__DMA2D_HandleTypeDef) referenced from stm32dma.o(i._ZN8STM32DMA10initializeEv)
 <LI><a href="#[84]">DMA2D_XferErrorCallback(__DMA2D_HandleTypeDef*)</a> from stm32dma.o(i._Z23DMA2D_XferErrorCallbackP21__DMA2D_HandleTypeDef) referenced from stm32dma.o(i._ZN8STM32DMA10initializeEv)
 <LI><a href="#[ba]">Screen1View::setupScreen()</a> from screen1view.o(i._ZN11Screen1View11setupScreenEv) referenced from screen1view.o(.constdata__ZTV11Screen1View)
 <LI><a href="#[bc]">Screen1View::tearDownScreen()</a> from screen1view.o(i._ZN11Screen1View14tearDownScreenEv) referenced from screen1view.o(.constdata__ZTV11Screen1View)
 <LI><a href="#[b8]">Screen1View::~Screen1View()</a> from screen1view.o(i._ZN11Screen1ViewD1Ev) referenced from screen1view.o(.constdata__ZTV11Screen1View)
 <LI><a href="#[e5]">TouchGFXHAL::beginFrame()</a> from touchgfxhal.o(i._ZN11TouchGFXHAL10beginFrameEv) referenced from touchgfxhal.o(.constdata__ZTV11TouchGFXHAL)
 <LI><a href="#[c3]">TouchGFXHAL::initialize()</a> from touchgfxhal.o(i._ZN11TouchGFXHAL10initializeEv) referenced from touchgfxhal.o(.constdata__ZTV11TouchGFXHAL)
 <LI><a href="#[d8]">TouchGFXHAL::enableInterrupts()</a> from touchgfxhal.o(i._ZN11TouchGFXHAL16enableInterruptsEv) referenced from touchgfxhal.o(.constdata__ZTV11TouchGFXHAL)
 <LI><a href="#[c5]">TouchGFXHAL::flushFrameBuffer(const touchgfx::Rect&)</a> from touchgfxhal.o(i._ZN11TouchGFXHAL16flushFrameBufferERKN8touchgfx4RectE) referenced from touchgfxhal.o(.constdata__ZTV11TouchGFXHAL)
 <LI><a href="#[d9]">TouchGFXHAL::disableInterrupts()</a> from touchgfxhal.o(i._ZN11TouchGFXHAL17disableInterruptsEv) referenced from touchgfxhal.o(.constdata__ZTV11TouchGFXHAL)
 <LI><a href="#[e7]">TouchGFXHAL::setTFTFrameBuffer(unsigned short*)</a> from touchgfxhal.o(i._ZN11TouchGFXHAL17setTFTFrameBufferEPt) referenced from touchgfxhal.o(.constdata__ZTV11TouchGFXHAL)
 <LI><a href="#[d7]">TouchGFXHAL::configureInterrupts()</a> from touchgfxhal.o(i._ZN11TouchGFXHAL19configureInterruptsEv) referenced from touchgfxhal.o(.constdata__ZTV11TouchGFXHAL)
 <LI><a href="#[da]">TouchGFXHAL::enableLCDControllerInterrupt()</a> from touchgfxhal.o(i._ZN11TouchGFXHAL28enableLCDControllerInterruptEv) referenced from touchgfxhal.o(.constdata__ZTV11TouchGFXHAL)
 <LI><a href="#[db]">TouchGFXHAL::setFrameBufferStartAddresses(void*, void*, void*)</a> from touchgfxhal.o(i._ZN11TouchGFXHAL28setFrameBufferStartAddressesEPvS0_S0_) referenced from touchgfxhal.o(.constdata__ZTV11TouchGFXHAL)
 <LI><a href="#[e6]">TouchGFXHAL::endFrame()</a> from touchgfxhal.o(i._ZN11TouchGFXHAL8endFrameEv) referenced from touchgfxhal.o(.constdata__ZTV11TouchGFXHAL)
 <LI><a href="#[cc]">TouchGFXHAL::blockCopy(void*, const void*, unsigned)</a> from touchgfxhal.o(i._ZN11TouchGFXHAL9blockCopyEPvPKvj) referenced from touchgfxhal.o(.constdata__ZTV11TouchGFXHAL)
 <LI><a href="#[c4]">TouchGFXHAL::taskEntry()</a> from touchgfxhal.o(i._ZN11TouchGFXHAL9taskEntryEv) referenced from touchgfxhal.o(.constdata__ZTV11TouchGFXHAL)
 <LI><a href="#[af]">TouchGFXHAL::~TouchGFXHAL()</a> from touchgfxhal.o(i._ZN11TouchGFXHALD1Ev) referenced from touchgfxhal.o(.constdata__ZTV11TouchGFXHAL)
 <LI><a href="#[af]">TouchGFXHAL::~TouchGFXHAL()</a> from touchgfxhal.o(i._ZN11TouchGFXHALD1Ev) referenced from touchgfxconfiguration.o(i.__sti___25_TouchGFXConfiguration_cpp_f5abfd34)
 <LI><a href="#[b3]">FrontendHeap::~FrontendHeap()</a> from touchgfxconfiguration.o(i._ZN12FrontendHeapD1Ev) referenced from touchgfxconfiguration.o(.constdata__ZTV12FrontendHeap)
 <LI><a href="#[b3]">FrontendHeap::~FrontendHeap()</a> from touchgfxconfiguration.o(i._ZN12FrontendHeapD1Ev) referenced from touchgfxconfiguration.o(i.touchgfx_init)
 <LI><a href="#[ef]">Screen1ViewBase::setupScreen()</a> from screen1viewbase.o(i._ZN15Screen1ViewBase11setupScreenEv) referenced from screen1viewbase.o(.constdata__ZTV15Screen1ViewBase)
 <LI><a href="#[ee]">Screen1ViewBase::~Screen1ViewBase()</a> from screen1viewbase.o(i._ZN15Screen1ViewBaseD1Ev) referenced from screen1viewbase.o(.constdata__ZTV15Screen1ViewBase)
 <LI><a href="#[f2]">Screen1Presenter::deactivate()</a> from screen1presenter.o(i._ZN16Screen1Presenter10deactivateEv) referenced from screen1presenter.o(.constdata__ZTV16Screen1Presenter)
 <LI><a href="#[f1]">Screen1Presenter::activate()</a> from screen1presenter.o(i._ZN16Screen1Presenter8activateEv) referenced from screen1presenter.o(.constdata__ZTV16Screen1Presenter)
 <LI><a href="#[f3]">Screen1Presenter::~Screen1Presenter()</a> from screen1presenter.o(i._ZN16Screen1PresenterD1Ev) referenced from screen1presenter.o(.constdata__ZTV16Screen1Presenter)
 <LI><a href="#[f8]">FrontendApplication::handleTickEvent()</a> from frontendapplication.o(i._ZN19FrontendApplication15handleTickEventEv) referenced from frontendapplication.o(.constdata__ZTV19FrontendApplication)
 <LI><a href="#[100]">STM32TouchController::sampleTouch(int&, int&)</a> from stm32touchcontroller.o(i._ZN20STM32TouchController11sampleTouchERiS0_) referenced from stm32touchcontroller.o(.constdata__ZTV20STM32TouchController)
 <LI><a href="#[ff]">STM32TouchController::init()</a> from stm32touchcontroller.o(i._ZN20STM32TouchController4initEv) referenced from stm32touchcontroller.o(.constdata__ZTV20STM32TouchController)
 <LI><a href="#[aa]">STM32TouchController::~STM32TouchController()</a> from stm32touchcontroller.o(i._ZN20STM32TouchControllerD1Ev) referenced from stm32touchcontroller.o(.constdata__ZTV20STM32TouchController)
 <LI><a href="#[aa]">STM32TouchController::~STM32TouchController()</a> from stm32touchcontroller.o(i._ZN20STM32TouchControllerD1Ev) referenced from touchgfxconfiguration.o(i.__sti___25_TouchGFXConfiguration_cpp_f5abfd34)
 <LI><a href="#[ae]">ApplicationFontProvider::~ApplicationFontProvider()</a> from touchgfxconfiguration.o(i._ZN23ApplicationFontProviderD1Ev) referenced from applicationfontprovider.o(.constdata__ZTV23ApplicationFontProvider)
 <LI><a href="#[ae]">ApplicationFontProvider::~ApplicationFontProvider()</a> from touchgfxconfiguration.o(i._ZN23ApplicationFontProviderD1Ev) referenced from touchgfxconfiguration.o(i.__sti___25_TouchGFXConfiguration_cpp_f5abfd34)
 <LI><a href="#[b7]">FrontendApplicationBase::gotoScreen1ScreenNoTransitionImpl()</a> from frontendapplicationbase.o(i._ZN23FrontendApplicationBase33gotoScreen1ScreenNoTransitionImplEv) referenced from frontendapplicationbase.o(.constdata)
 <LI><a href="#[102]">FrontendApplicationBase::~FrontendApplicationBase()</a> from touchgfxconfiguration.o(i._ZN23FrontendApplicationBaseD1Ev) referenced from touchgfxconfiguration.o(.constdata__ZTV23FrontendApplicationBase)
 <LI><a href="#[109]">STM32DMA::getDMAType()</a> from stm32dma.o(i._ZN8STM32DMA10getDMATypeEv) referenced from stm32dma.o(.constdata__ZTV8STM32DMA)
 <LI><a href="#[106]">STM32DMA::initialize()</a> from stm32dma.o(i._ZN8STM32DMA10initializeEv) referenced from stm32dma.o(.constdata__ZTV8STM32DMA)
 <LI><a href="#[103]">STM32DMA::getBlitCaps()</a> from stm32dma.o(i._ZN8STM32DMA11getBlitCapsEv) referenced from stm32dma.o(.constdata__ZTV8STM32DMA)
 <LI><a href="#[10d]">STM32DMA::setupDataCopy(const touchgfx::BlitOp&)</a> from stm32dma.o(i._ZN8STM32DMA13setupDataCopyERKN8touchgfx6BlitOpE) referenced from stm32dma.o(.constdata__ZTV8STM32DMA)
 <LI><a href="#[10e]">STM32DMA::setupDataFill(const touchgfx::BlitOp&)</a> from stm32dma.o(i._ZN8STM32DMA13setupDataFillERKN8touchgfx6BlitOpE) referenced from stm32dma.o(.constdata__ZTV8STM32DMA)
 <LI><a href="#[108]">STM32DMA::signalDMAInterrupt()</a> from stm32dma.o(i._ZN8STM32DMA18signalDMAInterruptEv) referenced from stm32dma.o(.constdata__ZTV8STM32DMA)
 <LI><a href="#[ab]">STM32DMA::~STM32DMA()</a> from stm32dma.o(i._ZN8STM32DMAD1Ev) referenced from stm32dma.o(.constdata__ZTV8STM32DMA)
 <LI><a href="#[ab]">STM32DMA::~STM32DMA()</a> from stm32dma.o(i._ZN8STM32DMAD1Ev) referenced from touchgfxconfiguration.o(i.__sti___25_TouchGFXConfiguration_cpp_f5abfd34)
 <LI><a href="#[112]">touchgfx::KeySampler::init()</a> from keysampler.o(i._ZN8touchgfx10KeySampler4initEv) referenced from keysampler.o(.constdata__ZTVN8touchgfx10KeySamplerE)
 <LI><a href="#[113]">touchgfx::KeySampler::sample(unsigned char&)</a> from keysampler.o(i._ZN8touchgfx10KeySampler6sampleERh) referenced from keysampler.o(.constdata__ZTVN8touchgfx10KeySamplerE)
 <LI><a href="#[a9]">touchgfx::KeySampler::~KeySampler()</a> from keysampler.o(i._ZN8touchgfx10KeySamplerD1Ev) referenced from keysampler.o(.constdata__ZTVN8touchgfx10KeySamplerE)
 <LI><a href="#[a9]">touchgfx::KeySampler::~KeySampler()</a> from keysampler.o(i._ZN8touchgfx10KeySamplerD1Ev) referenced from touchgfxhal.o(i.__sti___15_TouchGFXHAL_cpp_c3b64dc6)
 <LI><a href="#[135]">touchgfx::Transition::invalidate()</a> from frontendapplicationbase.o(i._ZN8touchgfx10Transition10invalidateEv) referenced from frontendapplicationbase.o(.constdata__ZTVN8touchgfx12NoTransitionE)
 <LI><a href="#[136]">touchgfx::Transition::setScreenContainer(touchgfx::Container&)</a> from frontendapplicationbase.o(i._ZN8touchgfx10Transition18setScreenContainerERNS_9ContainerE) referenced from frontendapplicationbase.o(.constdata__ZTVN8touchgfx12NoTransitionE)
 <LI><a href="#[134]">touchgfx::Transition::init()</a> from frontendapplicationbase.o(i._ZN8touchgfx10Transition4initEv) referenced from frontendapplicationbase.o(.constdata__ZTVN8touchgfx12NoTransitionE)
 <LI><a href="#[133]">touchgfx::Transition::tearDown()</a> from frontendapplicationbase.o(i._ZN8touchgfx10Transition8tearDownEv) referenced from frontendapplicationbase.o(.constdata__ZTVN8touchgfx12NoTransitionE)
 <LI><a href="#[fc]">touchgfx::Application::invalidate()</a> from application.o(i._ZN8touchgfx11Application10invalidateEv) referenced from frontendapplication.o(.constdata__ZTV19FrontendApplication)
 <LI><a href="#[fc]">touchgfx::Application::invalidate()</a> from application.o(i._ZN8touchgfx11Application10invalidateEv) referenced from touchgfxconfiguration.o(.constdata__ZTV23FrontendApplicationBase)
 <LI><a href="#[fc]">touchgfx::Application::invalidate()</a> from application.o(i._ZN8touchgfx11Application10invalidateEv) referenced from application.o(.constdata__ZTVN8touchgfx11ApplicationE)
 <LI><a href="#[fc]">touchgfx::Application::invalidate()</a> from application.o(i._ZN8touchgfx11Application10invalidateEv) referenced from frontendapplicationbase.o(.constdata__ZTVN8touchgfx14MVPApplicationE)
 <LI><a href="#[f7]">touchgfx::Application::handleKeyEvent(unsigned char)</a> from application.o(i._ZN8touchgfx11Application14handleKeyEventEh) referenced from frontendapplication.o(.constdata__ZTV19FrontendApplication)
 <LI><a href="#[f7]">touchgfx::Application::handleKeyEvent(unsigned char)</a> from application.o(i._ZN8touchgfx11Application14handleKeyEventEh) referenced from touchgfxconfiguration.o(.constdata__ZTV23FrontendApplicationBase)
 <LI><a href="#[f7]">touchgfx::Application::handleKeyEvent(unsigned char)</a> from application.o(i._ZN8touchgfx11Application14handleKeyEventEh) referenced from application.o(.constdata__ZTVN8touchgfx11ApplicationE)
 <LI><a href="#[f7]">touchgfx::Application::handleKeyEvent(unsigned char)</a> from application.o(i._ZN8touchgfx11Application14handleKeyEventEh) referenced from frontendapplicationbase.o(.constdata__ZTVN8touchgfx14MVPApplicationE)
 <LI><a href="#[fd]">touchgfx::Application::invalidateArea(touchgfx::Rect)</a> from application.o(i._ZN8touchgfx11Application14invalidateAreaENS_4RectE) referenced from frontendapplication.o(.constdata__ZTV19FrontendApplication)
 <LI><a href="#[fd]">touchgfx::Application::invalidateArea(touchgfx::Rect)</a> from application.o(i._ZN8touchgfx11Application14invalidateAreaENS_4RectE) referenced from touchgfxconfiguration.o(.constdata__ZTV23FrontendApplicationBase)
 <LI><a href="#[fd]">touchgfx::Application::invalidateArea(touchgfx::Rect)</a> from application.o(i._ZN8touchgfx11Application14invalidateAreaENS_4RectE) referenced from application.o(.constdata__ZTVN8touchgfx11ApplicationE)
 <LI><a href="#[fd]">touchgfx::Application::invalidateArea(touchgfx::Rect)</a> from application.o(i._ZN8touchgfx11Application14invalidateAreaENS_4RectE) referenced from frontendapplicationbase.o(.constdata__ZTVN8touchgfx14MVPApplicationE)
 <LI><a href="#[fb]">touchgfx::Application::drawCachedAreas()</a> from application.o(i._ZN8touchgfx11Application15drawCachedAreasEv) referenced from frontendapplication.o(.constdata__ZTV19FrontendApplication)
 <LI><a href="#[fb]">touchgfx::Application::drawCachedAreas()</a> from application.o(i._ZN8touchgfx11Application15drawCachedAreasEv) referenced from touchgfxconfiguration.o(.constdata__ZTV23FrontendApplicationBase)
 <LI><a href="#[fb]">touchgfx::Application::drawCachedAreas()</a> from application.o(i._ZN8touchgfx11Application15drawCachedAreasEv) referenced from application.o(.constdata__ZTVN8touchgfx11ApplicationE)
 <LI><a href="#[fb]">touchgfx::Application::drawCachedAreas()</a> from application.o(i._ZN8touchgfx11Application15drawCachedAreasEv) referenced from frontendapplicationbase.o(.constdata__ZTVN8touchgfx14MVPApplicationE)
 <LI><a href="#[f5]">touchgfx::Application::handleDragEvent(const touchgfx::DragEvent&)</a> from application.o(i._ZN8touchgfx11Application15handleDragEventERKNS_9DragEventE) referenced from frontendapplication.o(.constdata__ZTV19FrontendApplication)
 <LI><a href="#[f5]">touchgfx::Application::handleDragEvent(const touchgfx::DragEvent&)</a> from application.o(i._ZN8touchgfx11Application15handleDragEventERKNS_9DragEventE) referenced from touchgfxconfiguration.o(.constdata__ZTV23FrontendApplicationBase)
 <LI><a href="#[f5]">touchgfx::Application::handleDragEvent(const touchgfx::DragEvent&)</a> from application.o(i._ZN8touchgfx11Application15handleDragEventERKNS_9DragEventE) referenced from application.o(.constdata__ZTVN8touchgfx11ApplicationE)
 <LI><a href="#[f5]">touchgfx::Application::handleDragEvent(const touchgfx::DragEvent&)</a> from application.o(i._ZN8touchgfx11Application15handleDragEventERKNS_9DragEventE) referenced from frontendapplicationbase.o(.constdata__ZTVN8touchgfx14MVPApplicationE)
 <LI><a href="#[101]">touchgfx::Application::handleTickEvent()</a> from application.o(i._ZN8touchgfx11Application15handleTickEventEv) referenced from touchgfxconfiguration.o(.constdata__ZTV23FrontendApplicationBase)
 <LI><a href="#[101]">touchgfx::Application::handleTickEvent()</a> from application.o(i._ZN8touchgfx11Application15handleTickEventEv) referenced from application.o(.constdata__ZTVN8touchgfx11ApplicationE)
 <LI><a href="#[101]">touchgfx::Application::handleTickEvent()</a> from application.o(i._ZN8touchgfx11Application15handleTickEventEv) referenced from frontendapplicationbase.o(.constdata__ZTVN8touchgfx14MVPApplicationE)
 <LI><a href="#[fa]">touchgfx::Application::clearCachedAreas()</a> from application.o(i._ZN8touchgfx11Application16clearCachedAreasEv) referenced from frontendapplication.o(.constdata__ZTV19FrontendApplication)
 <LI><a href="#[fa]">touchgfx::Application::clearCachedAreas()</a> from application.o(i._ZN8touchgfx11Application16clearCachedAreasEv) referenced from touchgfxconfiguration.o(.constdata__ZTV23FrontendApplicationBase)
 <LI><a href="#[fa]">touchgfx::Application::clearCachedAreas()</a> from application.o(i._ZN8touchgfx11Application16clearCachedAreasEv) referenced from application.o(.constdata__ZTVN8touchgfx11ApplicationE)
 <LI><a href="#[fa]">touchgfx::Application::clearCachedAreas()</a> from application.o(i._ZN8touchgfx11Application16clearCachedAreasEv) referenced from frontendapplicationbase.o(.constdata__ZTVN8touchgfx14MVPApplicationE)
 <LI><a href="#[f4]">touchgfx::Application::handleClickEvent(const touchgfx::ClickEvent&)</a> from application.o(i._ZN8touchgfx11Application16handleClickEventERKNS_10ClickEventE) referenced from frontendapplication.o(.constdata__ZTV19FrontendApplication)
 <LI><a href="#[f4]">touchgfx::Application::handleClickEvent(const touchgfx::ClickEvent&)</a> from application.o(i._ZN8touchgfx11Application16handleClickEventERKNS_10ClickEventE) referenced from touchgfxconfiguration.o(.constdata__ZTV23FrontendApplicationBase)
 <LI><a href="#[f4]">touchgfx::Application::handleClickEvent(const touchgfx::ClickEvent&)</a> from application.o(i._ZN8touchgfx11Application16handleClickEventERKNS_10ClickEventE) referenced from application.o(.constdata__ZTVN8touchgfx11ApplicationE)
 <LI><a href="#[f4]">touchgfx::Application::handleClickEvent(const touchgfx::ClickEvent&)</a> from application.o(i._ZN8touchgfx11Application16handleClickEventERKNS_10ClickEventE) referenced from frontendapplicationbase.o(.constdata__ZTVN8touchgfx14MVPApplicationE)
 <LI><a href="#[f6]">touchgfx::Application::handleGestureEvent(const touchgfx::GestureEvent&)</a> from application.o(i._ZN8touchgfx11Application18handleGestureEventERKNS_12GestureEventE) referenced from frontendapplication.o(.constdata__ZTV19FrontendApplication)
 <LI><a href="#[f6]">touchgfx::Application::handleGestureEvent(const touchgfx::GestureEvent&)</a> from application.o(i._ZN8touchgfx11Application18handleGestureEventERKNS_12GestureEventE) referenced from touchgfxconfiguration.o(.constdata__ZTV23FrontendApplicationBase)
 <LI><a href="#[f6]">touchgfx::Application::handleGestureEvent(const touchgfx::GestureEvent&)</a> from application.o(i._ZN8touchgfx11Application18handleGestureEventERKNS_12GestureEventE) referenced from application.o(.constdata__ZTVN8touchgfx11ApplicationE)
 <LI><a href="#[f6]">touchgfx::Application::handleGestureEvent(const touchgfx::GestureEvent&)</a> from application.o(i._ZN8touchgfx11Application18handleGestureEventERKNS_12GestureEventE) referenced from frontendapplicationbase.o(.constdata__ZTVN8touchgfx14MVPApplicationE)
 <LI><a href="#[114]">touchgfx::Application::handlePendingScreenTransition()</a> from application.o(i._ZN8touchgfx11Application29handlePendingScreenTransitionEv) referenced from application.o(.constdata__ZTVN8touchgfx11ApplicationE)
 <LI><a href="#[fe]">touchgfx::Application::draw(touchgfx::Rect&)</a> from application.o(i._ZN8touchgfx11Application4drawERNS_4RectE) referenced from frontendapplication.o(.constdata__ZTV19FrontendApplication)
 <LI><a href="#[fe]">touchgfx::Application::draw(touchgfx::Rect&)</a> from application.o(i._ZN8touchgfx11Application4drawERNS_4RectE) referenced from touchgfxconfiguration.o(.constdata__ZTV23FrontendApplicationBase)
 <LI><a href="#[fe]">touchgfx::Application::draw(touchgfx::Rect&)</a> from application.o(i._ZN8touchgfx11Application4drawERNS_4RectE) referenced from application.o(.constdata__ZTVN8touchgfx11ApplicationE)
 <LI><a href="#[fe]">touchgfx::Application::draw(touchgfx::Rect&)</a> from application.o(i._ZN8touchgfx11Application4drawERNS_4RectE) referenced from frontendapplicationbase.o(.constdata__ZTVN8touchgfx14MVPApplicationE)
 <LI><a href="#[132]">touchgfx::NoTransition::handleTickEvent()</a> from frontendapplicationbase.o(i._ZN8touchgfx12NoTransition15handleTickEventEv) referenced from frontendapplicationbase.o(.constdata__ZTVN8touchgfx12NoTransitionE)
 <LI><a href="#[131]">touchgfx::NoTransition::~NoTransition()</a> from frontendapplicationbase.o(i._ZN8touchgfx12NoTransitionD1Ev) referenced from frontendapplicationbase.o(.constdata__ZTVN8touchgfx12NoTransitionE)
 <LI><a href="#[104]">touchgfx::DMA_Interface::addToQueue(const touchgfx::BlitOp&)</a> from dma.o(i._ZN8touchgfx13DMA_Interface10addToQueueERKNS_6BlitOpE) referenced from stm32dma.o(.constdata__ZTV8STM32DMA)
 <LI><a href="#[10f]">touchgfx::DMA_Interface::enableAlpha(unsigned char)</a> from dma.o(i._ZN8touchgfx13DMA_Interface11enableAlphaEh) referenced from stm32dma.o(.constdata__ZTV8STM32DMA)
 <LI><a href="#[110]">touchgfx::DMA_Interface::disableAlpha()</a> from dma.o(i._ZN8touchgfx13DMA_Interface12disableAlphaEv) referenced from stm32dma.o(.constdata__ZTV8STM32DMA)
 <LI><a href="#[10c]">touchgfx::DMA_Interface::seedExecution()</a> from dma.o(i._ZN8touchgfx13DMA_Interface13seedExecutionEv) referenced from stm32dma.o(.constdata__ZTV8STM32DMA)
 <LI><a href="#[10b]">touchgfx::DMA_Interface::executeCompleted()</a> from dma.o(i._ZN8touchgfx13DMA_Interface16executeCompletedEv) referenced from stm32dma.o(.constdata__ZTV8STM32DMA)
 <LI><a href="#[111]">touchgfx::DMA_Interface::waitForFrameBufferSemaphore()</a> from dma.o(i._ZN8touchgfx13DMA_Interface27waitForFrameBufferSemaphoreEv) referenced from stm32dma.o(.constdata__ZTV8STM32DMA)
 <LI><a href="#[105]">touchgfx::DMA_Interface::flush()</a> from dma.o(i._ZN8touchgfx13DMA_Interface5flushEv) referenced from stm32dma.o(.constdata__ZTV8STM32DMA)
 <LI><a href="#[107]">touchgfx::DMA_Interface::start()</a> from dma.o(i._ZN8touchgfx13DMA_Interface5startEv) referenced from stm32dma.o(.constdata__ZTV8STM32DMA)
 <LI><a href="#[10a]">touchgfx::DMA_Interface::execute()</a> from dma.o(i._ZN8touchgfx13DMA_Interface7executeEv) referenced from stm32dma.o(.constdata__ZTV8STM32DMA)
 <LI><a href="#[82]">touchgfx::GeneratedFont::~GeneratedFont()</a> from generatedfont.o(i._ZN8touchgfx13GeneratedFontD1Ev) referenced from generatedfont.o(.constdata__ZTVN8touchgfx13GeneratedFontE)
 <LI><a href="#[82]">touchgfx::GeneratedFont::~GeneratedFont()</a> from generatedfont.o(i._ZN8touchgfx13GeneratedFontD1Ev) referenced from table_verdana_10_4bpp.o(i._Z23getFont_verdana_10_4bppv)
 <LI><a href="#[82]">touchgfx::GeneratedFont::~GeneratedFont()</a> from generatedfont.o(i._ZN8touchgfx13GeneratedFontD1Ev) referenced from table_verdana_20_4bpp.o(i._Z23getFont_verdana_20_4bppv)
 <LI><a href="#[82]">touchgfx::GeneratedFont::~GeneratedFont()</a> from generatedfont.o(i._ZN8touchgfx13GeneratedFontD1Ev) referenced from table_verdana_40_4bpp.o(i._Z23getFont_verdana_40_4bppv)
 <LI><a href="#[f9]">touchgfx::MVPApplication::handlePendingScreenTransition()</a> from touchgfxconfiguration.o(i._ZN8touchgfx14MVPApplication29handlePendingScreenTransitionEv) referenced from frontendapplication.o(.constdata__ZTV19FrontendApplication)
 <LI><a href="#[f9]">touchgfx::MVPApplication::handlePendingScreenTransition()</a> from touchgfxconfiguration.o(i._ZN8touchgfx14MVPApplication29handlePendingScreenTransitionEv) referenced from touchgfxconfiguration.o(.constdata__ZTV23FrontendApplicationBase)
 <LI><a href="#[f9]">touchgfx::MVPApplication::handlePendingScreenTransition()</a> from touchgfxconfiguration.o(i._ZN8touchgfx14MVPApplication29handlePendingScreenTransitionEv) referenced from frontendapplicationbase.o(.constdata__ZTVN8touchgfx14MVPApplicationE)
 <LI><a href="#[12a]">touchgfx::GraphLabelsBase::invalidateGraphPointAt(short)</a> from graphlabels.o(i._ZN8touchgfx15GraphLabelsBase22invalidateGraphPointAtEs) referenced from graphlabels.o(.constdata__ZTVN8touchgfx12GraphLabelsYE)
 <LI><a href="#[12a]">touchgfx::GraphLabelsBase::invalidateGraphPointAt(short)</a> from graphlabels.o(i._ZN8touchgfx15GraphLabelsBase22invalidateGraphPointAtEs) referenced from graphlabels.o(.constdata__ZTVN8touchgfx15GraphLabelsBaseE)
 <LI><a href="#[16c]">touchgfx::DynamicDataGraph::beforeAddValue()</a> from abstractdatagraph.o(i._ZN8touchgfx16DynamicDataGraph14beforeAddValueEv) referenced from abstractdatagraph.o(.constdata__ZTVN8touchgfx16DynamicDataGraphE)
 <LI><a href="#[16b]">touchgfx::DynamicDataGraph::setScale(int, bool)</a> from abstractdatagraph.o(i._ZN8touchgfx16DynamicDataGraph8setScaleEib) referenced from abstractdatagraph.o(.constdata__ZTVN8touchgfx16DynamicDataGraphE)
 <LI><a href="#[16b]">touchgfx::DynamicDataGraph::setScale(int, bool)</a> from abstractdatagraph.o(i._ZN8touchgfx16DynamicDataGraph8setScaleEib) referenced from screen1viewbase.o(.constdata__ZTVN8touchgfx17GraphWrapAndClearILs100EEE)
 <LI><a href="#[15a]">touchgfx::DynamicDataGraph::setScaleX(int, bool)</a> from abstractdatagraph.o(i._ZN8touchgfx16DynamicDataGraph9setScaleXEib) referenced from abstractdatagraph.o(.constdata__ZTVN8touchgfx16DynamicDataGraphE)
 <LI><a href="#[15a]">touchgfx::DynamicDataGraph::setScaleX(int, bool)</a> from abstractdatagraph.o(i._ZN8touchgfx16DynamicDataGraph9setScaleXEib) referenced from screen1viewbase.o(.constdata__ZTVN8touchgfx17GraphWrapAndClearILs100EEE)
 <LI><a href="#[15c]">touchgfx::DynamicDataGraph::setScaleY(int, bool)</a> from abstractdatagraph.o(i._ZN8touchgfx16DynamicDataGraph9setScaleYEib) referenced from abstractdatagraph.o(.constdata__ZTVN8touchgfx16DynamicDataGraphE)
 <LI><a href="#[15c]">touchgfx::DynamicDataGraph::setScaleY(int, bool)</a> from abstractdatagraph.o(i._ZN8touchgfx16DynamicDataGraph9setScaleYEib) referenced from screen1viewbase.o(.constdata__ZTVN8touchgfx17GraphWrapAndClearILs100EEE)
 <LI><a href="#[16f]">touchgfx::GraphElementLine::invalidateGraphPointAt(short)</a> from graphelements.o(i._ZN8touchgfx16GraphElementLine22invalidateGraphPointAtEs) referenced from graphelements.o(.constdata__ZTVN8touchgfx16GraphElementLineE)
 <LI><a href="#[15e]">touchgfx::AbstractDataGraph::setGraphRangeX(int, int)</a> from abstractdatagraph.o(i._ZN8touchgfx17AbstractDataGraph14setGraphRangeXEii) referenced from abstractdatagraph.o(.constdata__ZTVN8touchgfx16DynamicDataGraphE)
 <LI><a href="#[15e]">touchgfx::AbstractDataGraph::setGraphRangeX(int, int)</a> from abstractdatagraph.o(i._ZN8touchgfx17AbstractDataGraph14setGraphRangeXEii) referenced from abstractdatagraph.o(.constdata__ZTVN8touchgfx17AbstractDataGraphE)
 <LI><a href="#[15e]">touchgfx::AbstractDataGraph::setGraphRangeX(int, int)</a> from abstractdatagraph.o(i._ZN8touchgfx17AbstractDataGraph14setGraphRangeXEii) referenced from screen1viewbase.o(.constdata__ZTVN8touchgfx17GraphWrapAndClearILs100EEE)
 <LI><a href="#[160]">touchgfx::AbstractDataGraph::setGraphRangeY(int, int)</a> from abstractdatagraph.o(i._ZN8touchgfx17AbstractDataGraph14setGraphRangeYEii) referenced from abstractdatagraph.o(.constdata__ZTVN8touchgfx16DynamicDataGraphE)
 <LI><a href="#[160]">touchgfx::AbstractDataGraph::setGraphRangeY(int, int)</a> from abstractdatagraph.o(i._ZN8touchgfx17AbstractDataGraph14setGraphRangeYEii) referenced from abstractdatagraph.o(.constdata__ZTVN8touchgfx17AbstractDataGraphE)
 <LI><a href="#[160]">touchgfx::AbstractDataGraph::setGraphRangeY(int, int)</a> from abstractdatagraph.o(i._ZN8touchgfx17AbstractDataGraph14setGraphRangeYEii) referenced from screen1viewbase.o(.constdata__ZTVN8touchgfx17GraphWrapAndClearILs100EEE)
 <LI><a href="#[156]">touchgfx::AbstractDataGraph::handleDragEvent(const touchgfx::DragEvent&)</a> from abstractdatagraph.o(i._ZN8touchgfx17AbstractDataGraph15handleDragEventERKNS_9DragEventE) referenced from abstractdatagraph.o(.constdata__ZTVN8touchgfx16DynamicDataGraphE)
 <LI><a href="#[156]">touchgfx::AbstractDataGraph::handleDragEvent(const touchgfx::DragEvent&)</a> from abstractdatagraph.o(i._ZN8touchgfx17AbstractDataGraph15handleDragEventERKNS_9DragEventE) referenced from abstractdatagraph.o(.constdata__ZTVN8touchgfx17AbstractDataGraphE)
 <LI><a href="#[156]">touchgfx::AbstractDataGraph::handleDragEvent(const touchgfx::DragEvent&)</a> from abstractdatagraph.o(i._ZN8touchgfx17AbstractDataGraph15handleDragEventERKNS_9DragEventE) referenced from screen1viewbase.o(.constdata__ZTVN8touchgfx17GraphWrapAndClearILs100EEE)
 <LI><a href="#[155]">touchgfx::AbstractDataGraph::handleClickEvent(const touchgfx::ClickEvent&)</a> from abstractdatagraph.o(i._ZN8touchgfx17AbstractDataGraph16handleClickEventERKNS_10ClickEventE) referenced from abstractdatagraph.o(.constdata__ZTVN8touchgfx16DynamicDataGraphE)
 <LI><a href="#[155]">touchgfx::AbstractDataGraph::handleClickEvent(const touchgfx::ClickEvent&)</a> from abstractdatagraph.o(i._ZN8touchgfx17AbstractDataGraph16handleClickEventERKNS_10ClickEventE) referenced from abstractdatagraph.o(.constdata__ZTVN8touchgfx17AbstractDataGraphE)
 <LI><a href="#[155]">touchgfx::AbstractDataGraph::handleClickEvent(const touchgfx::ClickEvent&)</a> from abstractdatagraph.o(i._ZN8touchgfx17AbstractDataGraph16handleClickEventERKNS_10ClickEventE) referenced from screen1viewbase.o(.constdata__ZTVN8touchgfx17GraphWrapAndClearILs100EEE)
 <LI><a href="#[15f]">touchgfx::AbstractDataGraph::setGraphRangeXScaled(int, int)</a> from abstractdatagraph.o(i._ZN8touchgfx17AbstractDataGraph20setGraphRangeXScaledEii) referenced from abstractdatagraph.o(.constdata__ZTVN8touchgfx16DynamicDataGraphE)
 <LI><a href="#[15f]">touchgfx::AbstractDataGraph::setGraphRangeXScaled(int, int)</a> from abstractdatagraph.o(i._ZN8touchgfx17AbstractDataGraph20setGraphRangeXScaledEii) referenced from abstractdatagraph.o(.constdata__ZTVN8touchgfx17AbstractDataGraphE)
 <LI><a href="#[15f]">touchgfx::AbstractDataGraph::setGraphRangeXScaled(int, int)</a> from abstractdatagraph.o(i._ZN8touchgfx17AbstractDataGraph20setGraphRangeXScaledEii) referenced from screen1viewbase.o(.constdata__ZTVN8touchgfx17GraphWrapAndClearILs100EEE)
 <LI><a href="#[161]">touchgfx::AbstractDataGraph::setGraphRangeYScaled(int, int)</a> from abstractdatagraph.o(i._ZN8touchgfx17AbstractDataGraph20setGraphRangeYScaledEii) referenced from abstractdatagraph.o(.constdata__ZTVN8touchgfx16DynamicDataGraphE)
 <LI><a href="#[161]">touchgfx::AbstractDataGraph::setGraphRangeYScaled(int, int)</a> from abstractdatagraph.o(i._ZN8touchgfx17AbstractDataGraph20setGraphRangeYScaledEii) referenced from abstractdatagraph.o(.constdata__ZTVN8touchgfx17AbstractDataGraphE)
 <LI><a href="#[161]">touchgfx::AbstractDataGraph::setGraphRangeYScaled(int, int)</a> from abstractdatagraph.o(i._ZN8touchgfx17AbstractDataGraph20setGraphRangeYScaledEii) referenced from screen1viewbase.o(.constdata__ZTVN8touchgfx17GraphWrapAndClearILs100EEE)
 <LI><a href="#[164]">touchgfx::AbstractDataGraph::clear()</a> from abstractdatagraph.o(i._ZN8touchgfx17AbstractDataGraph5clearEv) referenced from abstractdatagraph.o(.constdata__ZTVN8touchgfx16DynamicDataGraphE)
 <LI><a href="#[164]">touchgfx::AbstractDataGraph::clear()</a> from abstractdatagraph.o(i._ZN8touchgfx17AbstractDataGraph5clearEv) referenced from abstractdatagraph.o(.constdata__ZTVN8touchgfx17AbstractDataGraphE)
 <LI><a href="#[153]">touchgfx::AbstractDataGraph::setWidth(short)</a> from abstractdatagraph.o(i._ZN8touchgfx17AbstractDataGraph8setWidthEs) referenced from abstractdatagraph.o(.constdata__ZTVN8touchgfx16DynamicDataGraphE)
 <LI><a href="#[153]">touchgfx::AbstractDataGraph::setWidth(short)</a> from abstractdatagraph.o(i._ZN8touchgfx17AbstractDataGraph8setWidthEs) referenced from abstractdatagraph.o(.constdata__ZTVN8touchgfx17AbstractDataGraphE)
 <LI><a href="#[153]">touchgfx::AbstractDataGraph::setWidth(short)</a> from abstractdatagraph.o(i._ZN8touchgfx17AbstractDataGraph8setWidthEs) referenced from screen1viewbase.o(.constdata__ZTVN8touchgfx17GraphWrapAndClearILs100EEE)
 <LI><a href="#[154]">touchgfx::AbstractDataGraph::setHeight(short)</a> from abstractdatagraph.o(i._ZN8touchgfx17AbstractDataGraph9setHeightEs) referenced from abstractdatagraph.o(.constdata__ZTVN8touchgfx16DynamicDataGraphE)
 <LI><a href="#[154]">touchgfx::AbstractDataGraph::setHeight(short)</a> from abstractdatagraph.o(i._ZN8touchgfx17AbstractDataGraph9setHeightEs) referenced from abstractdatagraph.o(.constdata__ZTVN8touchgfx17AbstractDataGraphE)
 <LI><a href="#[154]">touchgfx::AbstractDataGraph::setHeight(short)</a> from abstractdatagraph.o(i._ZN8touchgfx17AbstractDataGraph9setHeightEs) referenced from screen1viewbase.o(.constdata__ZTVN8touchgfx17GraphWrapAndClearILs100EEE)
 <LI><a href="#[171]">touchgfx::AbstractPartition::~AbstractPartition__sub_object()</a> from abstractpartition.o(i._ZN8touchgfx17AbstractPartitionD2Ev) referenced from abstractpartition.o(.constdata__ZTVN8touchgfx17AbstractPartitionE)
 <LI><a href="#[172]">touchgfx::CWRVectorRenderer::StrokeCanvas::lineTo(touchgfx::CWRUtil::Q5, touchgfx::CWRUtil::Q5)</a> from cwrvectorrenderer.o(i._ZN8touchgfx17CWRVectorRenderer12StrokeCanvas6lineToENS_7CWRUtil2Q5ES3_) referenced from cwrvectorrenderer.o(.constdata__ZTVN8touchgfx17CWRVectorRenderer12StrokeCanvasE)
 <LI><a href="#[17a]">touchgfx::CWRVectorRenderer::setTransformationMatrix(const touchgfx::Matrix3x3&)</a> from cwrvectorrenderer.o(i._ZN8touchgfx17CWRVectorRenderer23setTransformationMatrixERKNS_9Matrix3x3E) referenced from cwrvectorrenderer.o(.constdata__ZTVN8touchgfx17CWRVectorRendererE)
 <LI><a href="#[17a]">touchgfx::CWRVectorRenderer::setTransformationMatrix(const touchgfx::Matrix3x3&)</a> from cwrvectorrenderer.o(i._ZN8touchgfx17CWRVectorRenderer23setTransformationMatrixERKNS_9Matrix3x3E) referenced from touchgfxgeneratedhal.o(.constdata__ZTVN8touchgfx23CWRVectorRendererRGB565E)
 <LI><a href="#[174]">touchgfx::CWRVectorRenderer::setup(const touchgfx::Rect&, const touchgfx::Rect&)</a> from cwrvectorrenderer.o(i._ZN8touchgfx17CWRVectorRenderer5setupERKNS_4RectES3_) referenced from cwrvectorrenderer.o(.constdata__ZTVN8touchgfx17CWRVectorRendererE)
 <LI><a href="#[174]">touchgfx::CWRVectorRenderer::setup(const touchgfx::Rect&, const touchgfx::Rect&)</a> from cwrvectorrenderer.o(i._ZN8touchgfx17CWRVectorRenderer5setupERKNS_4RectES3_) referenced from touchgfxgeneratedhal.o(.constdata__ZTVN8touchgfx23CWRVectorRendererRGB565E)
 <LI><a href="#[175]">touchgfx::CWRVectorRenderer::setMode(touchgfx::VectorRenderer::DrawMode)</a> from cwrvectorrenderer.o(i._ZN8touchgfx17CWRVectorRenderer7setModeENS_14VectorRenderer8DrawModeE) referenced from cwrvectorrenderer.o(.constdata__ZTVN8touchgfx17CWRVectorRendererE)
 <LI><a href="#[175]">touchgfx::CWRVectorRenderer::setMode(touchgfx::VectorRenderer::DrawMode)</a> from cwrvectorrenderer.o(i._ZN8touchgfx17CWRVectorRenderer7setModeENS_14VectorRenderer8DrawModeE) referenced from touchgfxgeneratedhal.o(.constdata__ZTVN8touchgfx23CWRVectorRendererRGB565E)
 <LI><a href="#[177]">touchgfx::CWRVectorRenderer::drawPath(const unsigned char*, unsigned, const float*, unsigned, const float*)</a> from cwrvectorrenderer.o(i._ZN8touchgfx17CWRVectorRenderer8drawPathEPKhjPKfjS4_) referenced from cwrvectorrenderer.o(.constdata__ZTVN8touchgfx17CWRVectorRendererE)
 <LI><a href="#[177]">touchgfx::CWRVectorRenderer::drawPath(const unsigned char*, unsigned, const float*, unsigned, const float*)</a> from cwrvectorrenderer.o(i._ZN8touchgfx17CWRVectorRenderer8drawPathEPKhjPKfjS4_) referenced from touchgfxgeneratedhal.o(.constdata__ZTVN8touchgfx23CWRVectorRendererRGB565E)
 <LI><a href="#[179]">touchgfx::CWRVectorRenderer::setAlpha(unsigned char)</a> from cwrvectorrenderer.o(i._ZN8touchgfx17CWRVectorRenderer8setAlphaEh) referenced from cwrvectorrenderer.o(.constdata__ZTVN8touchgfx17CWRVectorRendererE)
 <LI><a href="#[179]">touchgfx::CWRVectorRenderer::setAlpha(unsigned char)</a> from cwrvectorrenderer.o(i._ZN8touchgfx17CWRVectorRenderer8setAlphaEh) referenced from touchgfxgeneratedhal.o(.constdata__ZTVN8touchgfx23CWRVectorRendererRGB565E)
 <LI><a href="#[178]">touchgfx::CWRVectorRenderer::setColor(touchgfx::colortype)</a> from cwrvectorrenderer.o(i._ZN8touchgfx17CWRVectorRenderer8setColorENS_9colortypeE) referenced from cwrvectorrenderer.o(.constdata__ZTVN8touchgfx17CWRVectorRendererE)
 <LI><a href="#[178]">touchgfx::CWRVectorRenderer::setColor(touchgfx::colortype)</a> from cwrvectorrenderer.o(i._ZN8touchgfx17CWRVectorRenderer8setColorENS_9colortypeE) referenced from touchgfxgeneratedhal.o(.constdata__ZTVN8touchgfx23CWRVectorRendererRGB565E)
 <LI><a href="#[176]">touchgfx::CWRVectorRenderer::tearDown()</a> from cwrvectorrenderer.o(i._ZN8touchgfx17CWRVectorRenderer8tearDownEv) referenced from cwrvectorrenderer.o(.constdata__ZTVN8touchgfx17CWRVectorRendererE)
 <LI><a href="#[176]">touchgfx::CWRVectorRenderer::tearDown()</a> from cwrvectorrenderer.o(i._ZN8touchgfx17CWRVectorRenderer8tearDownEv) referenced from touchgfxgeneratedhal.o(.constdata__ZTVN8touchgfx23CWRVectorRendererRGB565E)
 <LI><a href="#[17b]">touchgfx::GraphWrapAndClear&lang;(short)100&rang;::~GraphWrapAndClear()</a> from screen1viewbase.o(i._ZN8touchgfx17GraphWrapAndClearILs100EED1Ev) referenced from screen1viewbase.o(.constdata__ZTVN8touchgfx17GraphWrapAndClearILs100EEE)
 <LI><a href="#[181]">touchgfx::LockFreeDMA_Queue::pushCopyOf(const touchgfx::BlitOp&)</a> from dma.o(i._ZN8touchgfx17LockFreeDMA_Queue10pushCopyOfERKNS_6BlitOpE) referenced from dma.o(.constdata__ZTVN8touchgfx17LockFreeDMA_QueueE)
 <LI><a href="#[182]">touchgfx::LockFreeDMA_Queue::pop()</a> from dma.o(i._ZN8touchgfx17LockFreeDMA_Queue3popEv) referenced from dma.o(.constdata__ZTVN8touchgfx17LockFreeDMA_QueueE)
 <LI><a href="#[183]">touchgfx::LockFreeDMA_Queue::first()</a> from dma.o(i._ZN8touchgfx17LockFreeDMA_Queue5firstEv) referenced from dma.o(.constdata__ZTVN8touchgfx17LockFreeDMA_QueueE)
 <LI><a href="#[180]">touchgfx::LockFreeDMA_Queue::isFull()</a> from dma.o(i._ZN8touchgfx17LockFreeDMA_Queue6isFullEv) referenced from dma.o(.constdata__ZTVN8touchgfx17LockFreeDMA_QueueE)
 <LI><a href="#[17f]">touchgfx::LockFreeDMA_Queue::isEmpty()</a> from dma.o(i._ZN8touchgfx17LockFreeDMA_Queue7isEmptyEv) referenced from dma.o(.constdata__ZTVN8touchgfx17LockFreeDMA_QueueE)
 <LI><a href="#[18a]">touchgfx::MCUInstrumentation::getCCConsumed()</a> from cortexmmcuinstrumentation.o(i._ZN8touchgfx18MCUInstrumentation13getCCConsumedEv) referenced from cortexmmcuinstrumentation.o(.constdata__ZTVN8touchgfx25CortexMMCUInstrumentationE)
 <LI><a href="#[18b]">touchgfx::MCUInstrumentation::setCCConsumed(unsigned)</a> from cortexmmcuinstrumentation.o(i._ZN8touchgfx18MCUInstrumentation13setCCConsumedEj) referenced from cortexmmcuinstrumentation.o(.constdata__ZTVN8touchgfx25CortexMMCUInstrumentationE)
 <LI><a href="#[17d]">touchgfx::GraphWrapAndClearData::beforeAddValue()</a> from graphwrapandclear.o(i._ZN8touchgfx21GraphWrapAndClearData14beforeAddValueEv) referenced from screen1viewbase.o(.constdata__ZTVN8touchgfx17GraphWrapAndClearILs100EEE)
 <LI><a href="#[17c]">touchgfx::GraphWrapAndClearData::clear()</a> from graphwrapandclear.o(i._ZN8touchgfx21GraphWrapAndClearData5clearEv) referenced from screen1viewbase.o(.constdata__ZTVN8touchgfx17GraphWrapAndClearILs100EEE)
 <LI><a href="#[17e]">touchgfx::GraphWrapAndClearData::addValue(int)</a> from graphwrapandclear.o(i._ZN8touchgfx21GraphWrapAndClearData8addValueEi) referenced from screen1viewbase.o(.constdata__ZTVN8touchgfx17GraphWrapAndClearILs100EEE)
 <LI><a href="#[184]">touchgfx::VectorFontRendererImpl::drawGlyph(const touchgfx::Rect&, const touchgfx::Rect&, const unsigned short*, const touchgfx::Font*, touchgfx::colortype, unsigned char, touchgfx::TextRotation, int, int)</a> from vectorfontrendererimpl.o(i._ZN8touchgfx22VectorFontRendererImpl9drawGlyphERKNS_4RectES3_PKtPKNS_4FontENS_9colortypeEhNS_12TextRotationEii) referenced from vectorfontrendererimpl.o(.constdata__ZTVN8touchgfx22VectorFontRendererImplE)
 <LI><a href="#[ad]">touchgfx::VectorFontRendererImpl::~VectorFontRendererImpl()</a> from vectorfontrendererimpl.o(i._ZN8touchgfx22VectorFontRendererImplD1Ev) referenced from vectorfontrendererimpl.o(.constdata__ZTVN8touchgfx22VectorFontRendererImplE)
 <LI><a href="#[ad]">touchgfx::VectorFontRendererImpl::~VectorFontRendererImpl()</a> from vectorfontrendererimpl.o(i._ZN8touchgfx22VectorFontRendererImplD1Ev) referenced from touchgfxconfiguration.o(i.__sti___25_TouchGFXConfiguration_cpp_f5abfd34)
 <LI><a href="#[186]">touchgfx::CWRVectorRendererRGB565::getColorPainter()</a> from touchgfxgeneratedhal.o(i._ZN8touchgfx23CWRVectorRendererRGB56515getColorPainterEv) referenced from touchgfxgeneratedhal.o(.constdata__ZTVN8touchgfx23CWRVectorRendererRGB565E)
 <LI><a href="#[185]">touchgfx::CWRVectorRendererRGB565::getColorPainterColor()</a> from touchgfxgeneratedhal.o(i._ZN8touchgfx23CWRVectorRendererRGB56520getColorPainterColorEv) referenced from touchgfxgeneratedhal.o(.constdata__ZTVN8touchgfx23CWRVectorRendererRGB565E)
 <LI><a href="#[87]">touchgfx::CWRVectorRendererRGB565::~CWRVectorRendererRGB565()</a> from touchgfxgeneratedhal.o(i._ZN8touchgfx23CWRVectorRendererRGB565D1Ev) referenced from touchgfxgeneratedhal.o(.constdata__ZTVN8touchgfx23CWRVectorRendererRGB565E)
 <LI><a href="#[87]">touchgfx::CWRVectorRendererRGB565::~CWRVectorRendererRGB565()</a> from touchgfxgeneratedhal.o(i._ZN8touchgfx23CWRVectorRendererRGB565D1Ev) referenced from touchgfxgeneratedhal.o(i._ZN8touchgfx14VectorRenderer11getInstanceEv)
 <LI><a href="#[188]">touchgfx::CortexMMCUInstrumentation::getCPUCycles()</a> from cortexmmcuinstrumentation.o(i._ZN8touchgfx25CortexMMCUInstrumentation12getCPUCyclesEv) referenced from cortexmmcuinstrumentation.o(.constdata__ZTVN8touchgfx25CortexMMCUInstrumentationE)
 <LI><a href="#[189]">touchgfx::CortexMMCUInstrumentation::setMCUActive(bool)</a> from cortexmmcuinstrumentation.o(i._ZN8touchgfx25CortexMMCUInstrumentation12setMCUActiveEb) referenced from cortexmmcuinstrumentation.o(.constdata__ZTVN8touchgfx25CortexMMCUInstrumentationE)
 <LI><a href="#[187]">touchgfx::CortexMMCUInstrumentation::init()</a> from cortexmmcuinstrumentation.o(i._ZN8touchgfx25CortexMMCUInstrumentation4initEv) referenced from cortexmmcuinstrumentation.o(.constdata__ZTVN8touchgfx25CortexMMCUInstrumentationE)
 <LI><a href="#[a8]">touchgfx::CortexMMCUInstrumentation::~CortexMMCUInstrumentation()</a> from cortexmmcuinstrumentation.o(i._ZN8touchgfx25CortexMMCUInstrumentationD1Ev) referenced from cortexmmcuinstrumentation.o(.constdata__ZTVN8touchgfx25CortexMMCUInstrumentationE)
 <LI><a href="#[a8]">touchgfx::CortexMMCUInstrumentation::~CortexMMCUInstrumentation()</a> from cortexmmcuinstrumentation.o(i._ZN8touchgfx25CortexMMCUInstrumentationD1Ev) referenced from touchgfxhal.o(i.__sti___15_TouchGFXHAL_cpp_c3b64dc6)
 <LI><a href="#[ec]">touchgfx::HAL::FlushCache()</a> from hal.o(i._ZN8touchgfx3HAL10FlushCacheEv) referenced from touchgfxhal.o(.constdata__ZTV11TouchGFXHAL)
 <LI><a href="#[ec]">touchgfx::HAL::FlushCache()</a> from hal.o(i._ZN8touchgfx3HAL10FlushCacheEv) referenced from hal.o(.constdata__ZTVN8touchgfx3HALE)
 <LI><a href="#[194]">touchgfx::HAL::beginFrame()</a> from hal.o(i._ZN8touchgfx3HAL10beginFrameEv) referenced from hal.o(.constdata__ZTVN8touchgfx3HALE)
 <LI><a href="#[e2]">touchgfx::HAL::getDMAType()</a> from hal.o(i._ZN8touchgfx3HAL10getDMATypeEv) referenced from touchgfxhal.o(.constdata__ZTV11TouchGFXHAL)
 <LI><a href="#[e2]">touchgfx::HAL::getDMAType()</a> from hal.o(i._ZN8touchgfx3HAL10getDMATypeEv) referenced from hal.o(.constdata__ZTVN8touchgfx3HALE)
 <LI><a href="#[190]">touchgfx::HAL::initialize()</a> from hal.o(i._ZN8touchgfx3HAL10initializeEv) referenced from hal.o(.constdata__ZTVN8touchgfx3HALE)
 <LI><a href="#[cd]">touchgfx::HAL::getBlitCaps()</a> from hal.o(i._ZN8touchgfx3HAL11getBlitCapsEv) referenced from touchgfxhal.o(.constdata__ZTV11TouchGFXHAL)
 <LI><a href="#[cd]">touchgfx::HAL::getBlitCaps()</a> from hal.o(i._ZN8touchgfx3HAL11getBlitCapsEv) referenced from hal.o(.constdata__ZTVN8touchgfx3HALE)
 <LI><a href="#[c8]">touchgfx::HAL::submitGPU2D()</a> from hal.o(i._ZN8touchgfx3HAL11submitGPU2DEv) referenced from touchgfxhal.o(.constdata__ZTV11TouchGFXHAL)
 <LI><a href="#[c8]">touchgfx::HAL::submitGPU2D()</a> from hal.o(i._ZN8touchgfx3HAL11submitGPU2DEv) referenced from hal.o(.constdata__ZTVN8touchgfx3HALE)
 <LI><a href="#[d2]">touchgfx::HAL::blitCopyGlyph(const unsigned char*, unsigned short, unsigned short, unsigned short, unsigned short, unsigned short, touchgfx::colortype, unsigned char, touchgfx::BlitOperations, bool)</a> from hal.o(i._ZN8touchgfx3HAL13blitCopyGlyphEPKhtttttNS_9colortypeEhNS_14BlitOperationsEb) referenced from touchgfxhal.o(.constdata__ZTV11TouchGFXHAL)
 <LI><a href="#[d2]">touchgfx::HAL::blitCopyGlyph(const unsigned char*, unsigned short, unsigned short, unsigned short, unsigned short, unsigned short, touchgfx::colortype, unsigned char, touchgfx::BlitOperations, bool)</a> from hal.o(i._ZN8touchgfx3HAL13blitCopyGlyphEPKhtttttNS_9colortypeEhNS_14BlitOperationsEb) referenced from hal.o(.constdata__ZTVN8touchgfx3HALE)
 <LI><a href="#[eb]">touchgfx::HAL::InvalidateCache()</a> from hal.o(i._ZN8touchgfx3HAL15InvalidateCacheEv) referenced from touchgfxhal.o(.constdata__ZTV11TouchGFXHAL)
 <LI><a href="#[eb]">touchgfx::HAL::InvalidateCache()</a> from hal.o(i._ZN8touchgfx3HAL15InvalidateCacheEv) referenced from hal.o(.constdata__ZTVN8touchgfx3HALE)
 <LI><a href="#[d6]">touchgfx::HAL::backPorchExited()</a> from hal.o(i._ZN8touchgfx3HAL15backPorchExitedEv) referenced from touchgfxhal.o(.constdata__ZTV11TouchGFXHAL)
 <LI><a href="#[d6]">touchgfx::HAL::backPorchExited()</a> from hal.o(i._ZN8touchgfx3HAL15backPorchExitedEv) referenced from hal.o(.constdata__ZTVN8touchgfx3HALE)
 <LI><a href="#[c9]">touchgfx::HAL::lockFrameBuffer()</a> from hal.o(i._ZN8touchgfx3HAL15lockFrameBufferEv) referenced from touchgfxhal.o(.constdata__ZTV11TouchGFXHAL)
 <LI><a href="#[c9]">touchgfx::HAL::lockFrameBuffer()</a> from hal.o(i._ZN8touchgfx3HAL15lockFrameBufferEv) referenced from hal.o(.constdata__ZTVN8touchgfx3HALE)
 <LI><a href="#[d1]">touchgfx::HAL::blitCopyARGB8888(const unsigned short*, unsigned short, unsigned short, unsigned short, unsigned short, unsigned short, unsigned char, bool)</a> from hal.o(i._ZN8touchgfx3HAL16blitCopyARGB8888EPKtttttthb) referenced from touchgfxhal.o(.constdata__ZTV11TouchGFXHAL)
 <LI><a href="#[d1]">touchgfx::HAL::blitCopyARGB8888(const unsigned short*, unsigned short, unsigned short, unsigned short, unsigned short, unsigned short, unsigned char, bool)</a> from hal.o(i._ZN8touchgfx3HAL16blitCopyARGB8888EPKtttttthb) referenced from hal.o(.constdata__ZTVN8touchgfx3HALE)
 <LI><a href="#[191]">touchgfx::HAL::flushFrameBuffer(const touchgfx::Rect&)</a> from hal.o(i._ZN8touchgfx3HAL16flushFrameBufferERKNS_4RectE) referenced from hal.o(.constdata__ZTVN8touchgfx3HALE)
 <LI><a href="#[df]">touchgfx::HAL::waitForLTDCLines(unsigned short)</a> from hal.o(i._ZN8touchgfx3HAL16waitForLTDCLinesEt) referenced from touchgfxhal.o(.constdata__ZTV11TouchGFXHAL)
 <LI><a href="#[df]">touchgfx::HAL::waitForLTDCLines(unsigned short)</a> from hal.o(i._ZN8touchgfx3HAL16waitForLTDCLinesEt) referenced from hal.o(.constdata__ZTVN8touchgfx3HALE)
 <LI><a href="#[c6]">touchgfx::HAL::allowDMATransfers()</a> from hal.o(i._ZN8touchgfx3HAL17allowDMATransfersEv) referenced from touchgfxhal.o(.constdata__ZTV11TouchGFXHAL)
 <LI><a href="#[c6]">touchgfx::HAL::allowDMATransfers()</a> from hal.o(i._ZN8touchgfx3HAL17allowDMATransfersEv) referenced from hal.o(.constdata__ZTVN8touchgfx3HALE)
 <LI><a href="#[e1]">touchgfx::HAL::getTFTCurrentLine()</a> from hal.o(i._ZN8touchgfx3HAL17getTFTCurrentLineEv) referenced from touchgfxhal.o(.constdata__ZTV11TouchGFXHAL)
 <LI><a href="#[e1]">touchgfx::HAL::getTFTCurrentLine()</a> from hal.o(i._ZN8touchgfx3HAL17getTFTCurrentLineEv) referenced from hal.o(.constdata__ZTVN8touchgfx3HALE)
 <LI><a href="#[ca]">touchgfx::HAL::unlockFrameBuffer()</a> from hal.o(i._ZN8touchgfx3HAL17unlockFrameBufferEv) referenced from touchgfxhal.o(.constdata__ZTV11TouchGFXHAL)
 <LI><a href="#[ca]">touchgfx::HAL::unlockFrameBuffer()</a> from hal.o(i._ZN8touchgfx3HAL17unlockFrameBufferEv) referenced from hal.o(.constdata__ZTVN8touchgfx3HALE)
 <LI><a href="#[dc]">touchgfx::HAL::setAnimationStorage(void*)</a> from hal.o(i._ZN8touchgfx3HAL19setAnimationStorageEPv) referenced from touchgfxhal.o(.constdata__ZTV11TouchGFXHAL)
 <LI><a href="#[dc]">touchgfx::HAL::setAnimationStorage(void*)</a> from hal.o(i._ZN8touchgfx3HAL19setAnimationStorageEPv) referenced from hal.o(.constdata__ZTVN8touchgfx3HALE)
 <LI><a href="#[d5]">touchgfx::HAL::registerEventListener(touchgfx::UIEventListener&)</a> from hal.o(i._ZN8touchgfx3HAL21registerEventListenerERNS_15UIEventListenerE) referenced from touchgfxhal.o(.constdata__ZTV11TouchGFXHAL)
 <LI><a href="#[d5]">touchgfx::HAL::registerEventListener(touchgfx::UIEventListener&)</a> from hal.o(i._ZN8touchgfx3HAL21registerEventListenerERNS_15UIEventListenerE) referenced from hal.o(.constdata__ZTVN8touchgfx3HALE)
 <LI><a href="#[c2]">touchgfx::HAL::setDisplayOrientation(touchgfx::DisplayOrientation)</a> from hal.o(i._ZN8touchgfx3HAL21setDisplayOrientationENS_18DisplayOrientationE) referenced from touchgfxhal.o(.constdata__ZTV11TouchGFXHAL)
 <LI><a href="#[c2]">touchgfx::HAL::setDisplayOrientation(touchgfx::DisplayOrientation)</a> from hal.o(i._ZN8touchgfx3HAL21setDisplayOrientationENS_18DisplayOrientationE) referenced from hal.o(.constdata__ZTVN8touchgfx3HALE)
 <LI><a href="#[ed]">touchgfx::HAL::InvalidateTextureCache()</a> from hal.o(i._ZN8touchgfx3HAL22InvalidateTextureCacheEv) referenced from touchgfxhal.o(.constdata__ZTV11TouchGFXHAL)
 <LI><a href="#[ed]">touchgfx::HAL::InvalidateTextureCache()</a> from hal.o(i._ZN8touchgfx3HAL22InvalidateTextureCacheEv) referenced from hal.o(.constdata__ZTVN8touchgfx3HALE)
 <LI><a href="#[e3]">touchgfx::HAL::partialLTDCDeadlineMissed()</a> from hal.o(i._ZN8touchgfx3HAL25partialLTDCDeadlineMissedEv) referenced from touchgfxhal.o(.constdata__ZTV11TouchGFXHAL)
 <LI><a href="#[e3]">touchgfx::HAL::partialLTDCDeadlineMissed()</a> from hal.o(i._ZN8touchgfx3HAL25partialLTDCDeadlineMissedEv) referenced from hal.o(.constdata__ZTVN8touchgfx3HALE)
 <LI><a href="#[dd]">touchgfx::HAL::configurePartialFrameBuffer(unsigned short, unsigned short, unsigned short, unsigned short)</a> from hal.o(i._ZN8touchgfx3HAL27configurePartialFrameBufferEtttt) referenced from touchgfxhal.o(.constdata__ZTV11TouchGFXHAL)
 <LI><a href="#[dd]">touchgfx::HAL::configurePartialFrameBuffer(unsigned short, unsigned short, unsigned short, unsigned short)</a> from hal.o(i._ZN8touchgfx3HAL27configurePartialFrameBufferEtttt) referenced from hal.o(.constdata__ZTVN8touchgfx3HALE)
 <LI><a href="#[193]">touchgfx::HAL::setFrameBufferStartAddresses(void*, void*, void*)</a> from hal.o(i._ZN8touchgfx3HAL28setFrameBufferStartAddressesEPvS1_S1_) referenced from hal.o(.constdata__ZTVN8touchgfx3HALE)
 <LI><a href="#[de]">touchgfx::HAL::configurePartialFrameBufferLTDC(short)</a> from hal.o(i._ZN8touchgfx3HAL31configurePartialFrameBufferLTDCEs) referenced from touchgfxhal.o(.constdata__ZTV11TouchGFXHAL)
 <LI><a href="#[de]">touchgfx::HAL::configurePartialFrameBufferLTDC(short)</a> from hal.o(i._ZN8touchgfx3HAL31configurePartialFrameBufferLTDCEs) referenced from hal.o(.constdata__ZTVN8touchgfx3HALE)
 <LI><a href="#[ea]">touchgfx::HAL::performDisplayOrientationChange()</a> from hal.o(i._ZN8touchgfx3HAL31performDisplayOrientationChangeEv) referenced from touchgfxhal.o(.constdata__ZTV11TouchGFXHAL)
 <LI><a href="#[ea]">touchgfx::HAL::performDisplayOrientationChange()</a> from hal.o(i._ZN8touchgfx3HAL31performDisplayOrientationChangeEv) referenced from hal.o(.constdata__ZTVN8touchgfx3HALE)
 <LI><a href="#[e4]">touchgfx::HAL::tick()</a> from hal.o(i._ZN8touchgfx3HAL4tickEv) referenced from touchgfxhal.o(.constdata__ZTV11TouchGFXHAL)
 <LI><a href="#[e4]">touchgfx::HAL::tick()</a> from hal.o(i._ZN8touchgfx3HAL4tickEv) referenced from hal.o(.constdata__ZTVN8touchgfx3HALE)
 <LI><a href="#[e8]">touchgfx::HAL::touch(int, int)</a> from hal.o(i._ZN8touchgfx3HAL5touchEii) referenced from touchgfxhal.o(.constdata__ZTV11TouchGFXHAL)
 <LI><a href="#[e8]">touchgfx::HAL::touch(int, int)</a> from hal.o(i._ZN8touchgfx3HAL5touchEii) referenced from hal.o(.constdata__ZTVN8touchgfx3HALE)
 <LI><a href="#[e9]">touchgfx::HAL::noTouch()</a> from hal.o(i._ZN8touchgfx3HAL7noTouchEv) referenced from touchgfxhal.o(.constdata__ZTV11TouchGFXHAL)
 <LI><a href="#[e9]">touchgfx::HAL::noTouch()</a> from hal.o(i._ZN8touchgfx3HAL7noTouchEv) referenced from hal.o(.constdata__ZTVN8touchgfx3HALE)
 <LI><a href="#[ce]">touchgfx::HAL::blitCopy(const unsigned short*, const unsigned char*, unsigned short, unsigned short, unsigned short, unsigned short, unsigned short, unsigned char, bool, unsigned short, touchgfx::Bitmap::BitmapFormat, touchgfx::Bitmap::BitmapFormat, bool)</a> from hal.o(i._ZN8touchgfx3HAL8blitCopyEPKtPKhttttthbtNS_6Bitmap12BitmapFormatES6_b) referenced from touchgfxhal.o(.constdata__ZTV11TouchGFXHAL)
 <LI><a href="#[ce]">touchgfx::HAL::blitCopy(const unsigned short*, const unsigned char*, unsigned short, unsigned short, unsigned short, unsigned short, unsigned short, unsigned char, bool, unsigned short, touchgfx::Bitmap::BitmapFormat, touchgfx::Bitmap::BitmapFormat, bool)</a> from hal.o(i._ZN8touchgfx3HAL8blitCopyEPKtPKhttttthbtNS_6Bitmap12BitmapFormatES6_b) referenced from hal.o(.constdata__ZTVN8touchgfx3HALE)
 <LI><a href="#[d0]">touchgfx::HAL::blitCopy(const unsigned short*, unsigned short, unsigned short, unsigned short, unsigned short, unsigned short, unsigned char, bool, bool)</a> from hal.o(i._ZN8touchgfx3HAL8blitCopyEPKtttttthbb) referenced from touchgfxhal.o(.constdata__ZTV11TouchGFXHAL)
 <LI><a href="#[d0]">touchgfx::HAL::blitCopy(const unsigned short*, unsigned short, unsigned short, unsigned short, unsigned short, unsigned short, unsigned char, bool, bool)</a> from hal.o(i._ZN8touchgfx3HAL8blitCopyEPKtttttthbb) referenced from hal.o(.constdata__ZTVN8touchgfx3HALE)
 <LI><a href="#[cf]">touchgfx::HAL::blitCopy(const unsigned short*, unsigned short, unsigned short, unsigned short, unsigned short, unsigned short, unsigned char, bool, unsigned short, touchgfx::Bitmap::BitmapFormat, touchgfx::Bitmap::BitmapFormat, bool)</a> from hal.o(i._ZN8touchgfx3HAL8blitCopyEPKtttttthbtNS_6Bitmap12BitmapFormatES4_b) referenced from touchgfxhal.o(.constdata__ZTV11TouchGFXHAL)
 <LI><a href="#[cf]">touchgfx::HAL::blitCopy(const unsigned short*, unsigned short, unsigned short, unsigned short, unsigned short, unsigned short, unsigned char, bool, unsigned short, touchgfx::Bitmap::BitmapFormat, touchgfx::Bitmap::BitmapFormat, bool)</a> from hal.o(i._ZN8touchgfx3HAL8blitCopyEPKtttttthbtNS_6Bitmap12BitmapFormatES4_b) referenced from hal.o(.constdata__ZTVN8touchgfx3HALE)
 <LI><a href="#[d4]">touchgfx::HAL::blitFill(touchgfx::colortype, unsigned short, unsigned short, unsigned short, unsigned short, unsigned char, bool)</a> from hal.o(i._ZN8touchgfx3HAL8blitFillENS_9colortypeEtttthb) referenced from touchgfxhal.o(.constdata__ZTV11TouchGFXHAL)
 <LI><a href="#[d4]">touchgfx::HAL::blitFill(touchgfx::colortype, unsigned short, unsigned short, unsigned short, unsigned short, unsigned char, bool)</a> from hal.o(i._ZN8touchgfx3HAL8blitFillENS_9colortypeEtttthb) referenced from hal.o(.constdata__ZTVN8touchgfx3HALE)
 <LI><a href="#[d3]">touchgfx::HAL::blitFill(touchgfx::colortype, unsigned short, unsigned short, unsigned short, unsigned short, unsigned char, unsigned short, touchgfx::Bitmap::BitmapFormat, bool)</a> from hal.o(i._ZN8touchgfx3HAL8blitFillENS_9colortypeEtttthtNS_6Bitmap12BitmapFormatEb) referenced from touchgfxhal.o(.constdata__ZTV11TouchGFXHAL)
 <LI><a href="#[d3]">touchgfx::HAL::blitFill(touchgfx::colortype, unsigned short, unsigned short, unsigned short, unsigned short, unsigned char, unsigned short, touchgfx::Bitmap::BitmapFormat, bool)</a> from hal.o(i._ZN8touchgfx3HAL8blitFillENS_9colortypeEtttthtNS_6Bitmap12BitmapFormatEb) referenced from hal.o(.constdata__ZTVN8touchgfx3HALE)
 <LI><a href="#[195]">touchgfx::HAL::endFrame()</a> from hal.o(i._ZN8touchgfx3HAL8endFrameEv) referenced from hal.o(.constdata__ZTVN8touchgfx3HALE)
 <LI><a href="#[c7]">touchgfx::HAL::flushDMA()</a> from hal.o(i._ZN8touchgfx3HAL8flushDMAEv) referenced from touchgfxhal.o(.constdata__ZTV11TouchGFXHAL)
 <LI><a href="#[c7]">touchgfx::HAL::flushDMA()</a> from hal.o(i._ZN8touchgfx3HAL8flushDMAEv) referenced from hal.o(.constdata__ZTVN8touchgfx3HALE)
 <LI><a href="#[192]">touchgfx::HAL::blockCopy(void*, const void*, unsigned)</a> from hal.o(i._ZN8touchgfx3HAL9blockCopyEPvPKvj) referenced from hal.o(.constdata__ZTVN8touchgfx3HALE)
 <LI><a href="#[e0]">touchgfx::HAL::taskDelay(unsigned short)</a> from hal.o(i._ZN8touchgfx3HAL9taskDelayEt) referenced from touchgfxhal.o(.constdata__ZTV11TouchGFXHAL)
 <LI><a href="#[e0]">touchgfx::HAL::taskDelay(unsigned short)</a> from hal.o(i._ZN8touchgfx3HAL9taskDelayEt) referenced from hal.o(.constdata__ZTVN8touchgfx3HALE)
 <LI><a href="#[86]">touchgfx::Rect::Rect()</a> from application.o(i._ZN8touchgfx4RectC1Ev) referenced from application.o(i._ZN8touchgfx11Application15drawCachedAreasEv)
 <LI><a href="#[86]">touchgfx::Rect::Rect()</a> from application.o(i._ZN8touchgfx4RectC1Ev) referenced from application.o(i._ZN8touchgfx11ApplicationC1Ev)
 <LI><a href="#[19b]">touchgfx::Image::setBitmap(const touchgfx::Bitmap&)</a> from image.o(i._ZN8touchgfx5Image9setBitmapERKNS_6BitmapE) referenced from image.o(.constdata__ZTVN8touchgfx5ImageE)
 <LI><a href="#[85]">touchgfx::BlitOp::BlitOp()</a> from stm32dma.o(i._ZN8touchgfx6BlitOpC1Ev) referenced from stm32dma.o(i._ZN8STM32DMAC1Ev)
 <LI><a href="#[19c]">touchgfx::Canvas::lineTo(touchgfx::CWRUtil::Q5, touchgfx::CWRUtil::Q5)</a> from canvas.o(i._ZN8touchgfx6Canvas6lineToENS_7CWRUtil2Q5ES2_) referenced from canvas.o(.constdata__ZTVN8touchgfx6CanvasE)
 <LI><a href="#[19e]">touchgfx::Screen::setupScreen()</a> from screen.o(i._ZN8touchgfx6Screen11setupScreenEv) referenced from screen.o(.constdata__ZTVN8touchgfx6ScreenE)
 <LI><a href="#[c1]">touchgfx::Screen::handleKeyEvent(unsigned char)</a> from screen.o(i._ZN8touchgfx6Screen14handleKeyEventEh) referenced from screen1view.o(.constdata__ZTV11Screen1View)
 <LI><a href="#[c1]">touchgfx::Screen::handleKeyEvent(unsigned char)</a> from screen.o(i._ZN8touchgfx6Screen14handleKeyEventEh) referenced from screen1viewbase.o(.constdata__ZTV15Screen1ViewBase)
 <LI><a href="#[c1]">touchgfx::Screen::handleKeyEvent(unsigned char)</a> from screen.o(i._ZN8touchgfx6Screen14handleKeyEventEh) referenced from screen.o(.constdata__ZTVN8touchgfx6ScreenE)
 <LI><a href="#[f0]">touchgfx::Screen::tearDownScreen()</a> from screen.o(i._ZN8touchgfx6Screen14tearDownScreenEv) referenced from screen1viewbase.o(.constdata__ZTV15Screen1ViewBase)
 <LI><a href="#[f0]">touchgfx::Screen::tearDownScreen()</a> from screen.o(i._ZN8touchgfx6Screen14tearDownScreenEv) referenced from screen.o(.constdata__ZTVN8touchgfx6ScreenE)
 <LI><a href="#[bb]">touchgfx::Screen::afterTransition()</a> from screen.o(i._ZN8touchgfx6Screen15afterTransitionEv) referenced from screen1view.o(.constdata__ZTV11Screen1View)
 <LI><a href="#[bb]">touchgfx::Screen::afterTransition()</a> from screen.o(i._ZN8touchgfx6Screen15afterTransitionEv) referenced from screen1viewbase.o(.constdata__ZTV15Screen1ViewBase)
 <LI><a href="#[bb]">touchgfx::Screen::afterTransition()</a> from screen.o(i._ZN8touchgfx6Screen15afterTransitionEv) referenced from screen.o(.constdata__ZTVN8touchgfx6ScreenE)
 <LI><a href="#[be]">touchgfx::Screen::handleDragEvent(const touchgfx::DragEvent&)</a> from screen.o(i._ZN8touchgfx6Screen15handleDragEventERKNS_9DragEventE) referenced from screen1view.o(.constdata__ZTV11Screen1View)
 <LI><a href="#[be]">touchgfx::Screen::handleDragEvent(const touchgfx::DragEvent&)</a> from screen.o(i._ZN8touchgfx6Screen15handleDragEventERKNS_9DragEventE) referenced from screen1viewbase.o(.constdata__ZTV15Screen1ViewBase)
 <LI><a href="#[be]">touchgfx::Screen::handleDragEvent(const touchgfx::DragEvent&)</a> from screen.o(i._ZN8touchgfx6Screen15handleDragEventERKNS_9DragEventE) referenced from screen.o(.constdata__ZTVN8touchgfx6ScreenE)
 <LI><a href="#[c0]">touchgfx::Screen::handleTickEvent()</a> from screen.o(i._ZN8touchgfx6Screen15handleTickEventEv) referenced from screen1view.o(.constdata__ZTV11Screen1View)
 <LI><a href="#[c0]">touchgfx::Screen::handleTickEvent()</a> from screen.o(i._ZN8touchgfx6Screen15handleTickEventEv) referenced from screen1viewbase.o(.constdata__ZTV15Screen1ViewBase)
 <LI><a href="#[c0]">touchgfx::Screen::handleTickEvent()</a> from screen.o(i._ZN8touchgfx6Screen15handleTickEventEv) referenced from screen.o(.constdata__ZTVN8touchgfx6ScreenE)
 <LI><a href="#[bd]">touchgfx::Screen::handleClickEvent(const touchgfx::ClickEvent&)</a> from screen.o(i._ZN8touchgfx6Screen16handleClickEventERKNS_10ClickEventE) referenced from screen1view.o(.constdata__ZTV11Screen1View)
 <LI><a href="#[bd]">touchgfx::Screen::handleClickEvent(const touchgfx::ClickEvent&)</a> from screen.o(i._ZN8touchgfx6Screen16handleClickEventERKNS_10ClickEventE) referenced from screen1viewbase.o(.constdata__ZTV15Screen1ViewBase)
 <LI><a href="#[bd]">touchgfx::Screen::handleClickEvent(const touchgfx::ClickEvent&)</a> from screen.o(i._ZN8touchgfx6Screen16handleClickEventERKNS_10ClickEventE) referenced from screen.o(.constdata__ZTVN8touchgfx6ScreenE)
 <LI><a href="#[bf]">touchgfx::Screen::handleGestureEvent(const touchgfx::GestureEvent&)</a> from screen.o(i._ZN8touchgfx6Screen18handleGestureEventERKNS_12GestureEventE) referenced from screen1view.o(.constdata__ZTV11Screen1View)
 <LI><a href="#[bf]">touchgfx::Screen::handleGestureEvent(const touchgfx::GestureEvent&)</a> from screen.o(i._ZN8touchgfx6Screen18handleGestureEventERKNS_12GestureEventE) referenced from screen1viewbase.o(.constdata__ZTV15Screen1ViewBase)
 <LI><a href="#[bf]">touchgfx::Screen::handleGestureEvent(const touchgfx::GestureEvent&)</a> from screen.o(i._ZN8touchgfx6Screen18handleGestureEventERKNS_12GestureEventE) referenced from screen.o(.constdata__ZTVN8touchgfx6ScreenE)
 <LI><a href="#[b9]">touchgfx::Screen::draw(touchgfx::Rect&)</a> from screen.o(i._ZN8touchgfx6Screen4drawERNS_4RectE) referenced from screen1view.o(.constdata__ZTV11Screen1View)
 <LI><a href="#[b9]">touchgfx::Screen::draw(touchgfx::Rect&)</a> from screen.o(i._ZN8touchgfx6Screen4drawERNS_4RectE) referenced from screen1viewbase.o(.constdata__ZTV15Screen1ViewBase)
 <LI><a href="#[b9]">touchgfx::Screen::draw(touchgfx::Rect&)</a> from screen.o(i._ZN8touchgfx6Screen4drawERNS_4RectE) referenced from screen.o(.constdata__ZTVN8touchgfx6ScreenE)
 <LI><a href="#[19d]">touchgfx::Screen::~Screen()</a> from screen.o(i._ZN8touchgfx6ScreenD1Ev) referenced from screen.o(.constdata__ZTVN8touchgfx6ScreenE)
 <LI><a href="#[119]">touchgfx::Widget::getLastChild(short, short, touchgfx::Drawable**)</a> from box.o(i._ZN8touchgfx6Widget12getLastChildEssPPNS_8DrawableE) referenced from canvaswidget.o(.constdata__ZTVN8touchgfx12CanvasWidgetE)
 <LI><a href="#[119]">touchgfx::Widget::getLastChild(short, short, touchgfx::Drawable**)</a> from box.o(i._ZN8touchgfx6Widget12getLastChildEssPPNS_8DrawableE) referenced from graphlabels.o(.constdata__ZTVN8touchgfx12GraphLabelsYE)
 <LI><a href="#[119]">touchgfx::Widget::getLastChild(short, short, touchgfx::Drawable**)</a> from box.o(i._ZN8touchgfx6Widget12getLastChildEssPPNS_8DrawableE) referenced from graphlabels.o(.constdata__ZTVN8touchgfx15GraphLabelsBaseE)
[...]
<LI><a href="#[241]">&gt;&gt;</a>&nbsp;&nbsp;&nbsp;I2C_WaitOnBTFFlagUntilTimeout
</UL>

<P><STRONG><a name="[23c]"></a>I2C_RequestMemoryRead</STRONG> (Thumb, 246 bytes, Stack size 40 bytes, stm32f4xx_hal_i2c.o(i.I2C_RequestMemoryRead))
<BR><BR>[Stack]<UL><LI>Max Depth = 72<LI>Call Chain = I2C_RequestMemoryRead &rArr; I2C_WaitOnMasterAddressFlagUntilTimeout
</UL>
<BR>[Calls]<UL><LI><a href="#[240]">&gt;&gt;</a>&nbsp;&nbsp;&nbsp;I2C_WaitOnTXEFlagUntilTimeout
<LI><a href="#[277]">&gt;&gt;</a>&nbsp;&nbsp;&nbsp;I2C_WaitOnMasterAddressFlagUntilTimeout
<LI><a href="#[23b]">&gt;&gt;</a>&nbsp;&nbsp;&nbsp;I2C_WaitOnFlagUntilTimeout
</UL>
<BR>[Called By]<UL><LI><a href="#[23a]">&gt;&gt;</a>&nbsp;&nbsp;&nbsp;HAL_I2C_Mem_Read
</UL>

<P><STRONG><a name="[23f]"></a>I2C_RequestMemoryWrite</STRONG> (Thumb, 162 bytes, Stack size 32 bytes, stm32f4xx_hal_i2c.o(i.I2C_RequestMemoryWrite))
<BR><BR>[Stack]<UL><LI>Max Depth = 64<LI>Call Chain = I2C_RequestMemoryWrite &rArr; I2C_WaitOnMasterAddressFlagUntilTimeout
</UL>
<BR>[Calls]<UL><LI><a href="#[240]">&gt;&gt;</a>&nbsp;&nbsp;&nbsp;I2C_WaitOnTXEFlagUntilTimeout
<LI><a href="#[277]">&gt;&gt;</a>&nbsp;&nbsp;&nbsp;I2C_WaitOnMasterAddressFlagUntilTimeout
<LI><a href="#[23b]">&gt;&gt;</a>&nbsp;&nbsp;&nbsp;I2C_WaitOnFlagUntilTimeout
</UL>
<BR>[Called By]<UL><LI><a href="#[23e]">&gt;&gt;</a>&nbsp;&nbsp;&nbsp;HAL_I2C_Mem_Write
</UL>

<P><STRONG><a name="[241]"></a>I2C_WaitOnBTFFlagUntilTimeout</STRONG> (Thumb, 86 bytes, Stack size 16 bytes, stm32f4xx_hal_i2c.o(i.I2C_WaitOnBTFFlagUntilTimeout))
<BR><BR>[Stack]<UL><LI>Max Depth = 16<LI>Call Chain = I2C_WaitOnBTFFlagUntilTimeout
</UL>
<BR>[Calls]<UL><LI><a href="#[278]">&gt;&gt;</a>&nbsp;&nbsp;&nbsp;I2C_IsAcknowledgeFailed
<LI><a href="#[21c]">&gt;&gt;</a>&nbsp;&nbsp;&nbsp;HAL_GetTick
</UL>
<BR>[Called By]<UL><LI><a href="#[23e]">&gt;&gt;</a>&nbsp;&nbsp;&nbsp;HAL_I2C_Mem_Write
</UL>

<P><STRONG><a name="[23b]"></a>I2C_WaitOnFlagUntilTimeout</STRONG> (Thumb, 144 bytes, Stack size 32 bytes, stm32f4xx_hal_i2c.o(i.I2C_WaitOnFlagUntilTimeout))
<BR><BR>[Stack]<UL><LI>Max Depth = 32<LI>Call Chain = I2C_WaitOnFlagUntilTimeout
</UL>
<BR>[Calls]<UL><LI><a href="#[21c]">&gt;&gt;</a>&nbsp;&nbsp;&nbsp;HAL_GetTick
</UL>
<BR>[Called By]<UL><LI><a href="#[23e]">&gt;&gt;</a>&nbsp;&nbsp;&nbsp;HAL_I2C_Mem_Write
<LI><a href="#[23a]">&gt;&gt;</a>&nbsp;&nbsp;&nbsp;HAL_I2C_Mem_Read
<LI><a href="#[23f]">&gt;&gt;</a>&nbsp;&nbsp;&nbsp;I2C_RequestMemoryWrite
<LI><a href="#[23c]">&gt;&gt;</a>&nbsp;&nbsp;&nbsp;I2C_RequestMemoryRead
</UL>

<P><STRONG><a name="[277]"></a>I2C_WaitOnMasterAddressFlagUntilTimeout</STRONG> (Thumb, 188 bytes, Stack size 32 bytes, stm32f4xx_hal_i2c.o(i.I2C_WaitOnMasterAddressFlagUntilTimeout))
<BR><BR>[Stack]<UL><LI>Max Depth = 32<LI>Call Chain = I2C_WaitOnMasterAddressFlagUntilTimeout
</UL>
<BR>[Calls]<UL><LI><a href="#[21c]">&gt;&gt;</a>&nbsp;&nbsp;&nbsp;HAL_GetTick
</UL>
<BR>[Called By]<UL><LI><a href="#[23f]">&gt;&gt;</a>&nbsp;&nbsp;&nbsp;I2C_RequestMemoryWrite
<LI><a href="#[23c]">&gt;&gt;</a>&nbsp;&nbsp;&nbsp;I2C_RequestMemoryRead
</UL>

<P><STRONG><a name="[23d]"></a>I2C_WaitOnRXNEFlagUntilTimeout</STRONG> (Thumb, 112 bytes, Stack size 24 bytes, stm32f4xx_hal_i2c.o(i.I2C_WaitOnRXNEFlagUntilTimeout))
<BR><BR>[Stack]<UL><LI>Max Depth = 24<LI>Call Chain = I2C_WaitOnRXNEFlagUntilTimeout
</UL>
<BR>[Calls]<UL><LI><a href="#[21c]">&gt;&gt;</a>&nbsp;&nbsp;&nbsp;HAL_GetTick
</UL>
<BR>[Called By]<UL><LI><a href="#[23a]">&gt;&gt;</a>&nbsp;&nbsp;&nbsp;HAL_I2C_Mem_Read
</UL>

<P><STRONG><a name="[240]"></a>I2C_WaitOnTXEFlagUntilTimeout</STRONG> (Thumb, 86 bytes, Stack size 16 bytes, stm32f4xx_hal_i2c.o(i.I2C_WaitOnTXEFlagUntilTimeout))
<BR><BR>[Stack]<UL><LI>Max Depth = 16<LI>Call Chain = I2C_WaitOnTXEFlagUntilTimeout
</UL>
<BR>[Calls]<UL><LI><a href="#[278]">&gt;&gt;</a>&nbsp;&nbsp;&nbsp;I2C_IsAcknowledgeFailed
<LI><a href="#[21c]">&gt;&gt;</a>&nbsp;&nbsp;&nbsp;HAL_GetTick
</UL>
<BR>[Called By]<UL><LI><a href="#[23e]">&gt;&gt;</a>&nbsp;&nbsp;&nbsp;HAL_I2C_Mem_Write
<LI><a href="#[23f]">&gt;&gt;</a>&nbsp;&nbsp;&nbsp;I2C_RequestMemoryWrite
<LI><a href="#[23c]">&gt;&gt;</a>&nbsp;&nbsp;&nbsp;I2C_RequestMemoryRead
</UL>

<P><STRONG><a name="[24a]"></a>LTDC_SetConfig</STRONG> (Thumb, 354 bytes, Stack size 20 bytes, stm32f4xx_hal_ltdc.o(i.LTDC_SetConfig))
<BR><BR>[Stack]<UL><LI>Max Depth = 20<LI>Call Chain = LTDC_SetConfig
</UL>
<BR>[Called By]<UL><LI><a href="#[249]">&gt;&gt;</a>&nbsp;&nbsp;&nbsp;HAL_LTDC_ConfigLayer
</UL>

<P><STRONG><a name="[258]"></a>QSPI_Config</STRONG> (Thumb, 360 bytes, Stack size 20 bytes, stm32f4xx_hal_qspi.o(i.QSPI_Config))
<BR><BR>[Stack]<UL><LI>Max Depth = 20<LI>Call Chain = QSPI_Config
</UL>
<BR>[Called By]<UL><LI><a href="#[202]">&gt;&gt;</a>&nbsp;&nbsp;&nbsp;HAL_QSPI_MemoryMapped
<LI><a href="#[259]">&gt;&gt;</a>&nbsp;&nbsp;&nbsp;HAL_QSPI_Command
<LI><a href="#[257]">&gt;&gt;</a>&nbsp;&nbsp;&nbsp;HAL_QSPI_AutoPolling
</UL>

<P><STRONG><a name="[256]"></a>QSPI_WaitFlagStateUntilTimeout</STRONG> (Thumb, 72 bytes, Stack size 24 bytes, stm32f4xx_hal_qspi.o(i.QSPI_WaitFlagStateUntilTimeout))
<BR><BR>[Stack]<UL><LI>Max Depth = 24<LI>Call Chain = QSPI_WaitFlagStateUntilTimeout
</UL>
<BR>[Calls]<UL><LI><a href="#[21c]">&gt;&gt;</a>&nbsp;&nbsp;&nbsp;HAL_GetTick
</UL>
<BR>[Called By]<UL><LI><a href="#[25d]">&gt;&gt;</a>&nbsp;&nbsp;&nbsp;HAL_QSPI_Transmit
<LI><a href="#[25c]">&gt;&gt;</a>&nbsp;&nbsp;&nbsp;HAL_QSPI_Receive
<LI><a href="#[202]">&gt;&gt;</a>&nbsp;&nbsp;&nbsp;HAL_QSPI_MemoryMapped
<LI><a href="#[259]">&gt;&gt;</a>&nbsp;&nbsp;&nbsp;HAL_QSPI_Command
<LI><a href="#[257]">&gt;&gt;</a>&nbsp;&nbsp;&nbsp;HAL_QSPI_AutoPolling
<LI><a href="#[205]">&gt;&gt;</a>&nbsp;&nbsp;&nbsp;HAL_QSPI_Init
<LI><a href="#[255]">&gt;&gt;</a>&nbsp;&nbsp;&nbsp;HAL_QSPI_Abort
</UL>

<P><STRONG><a name="[3bd]"></a>prvCopyDataFromQueue</STRONG> (Thumb, 38 bytes, Stack size 8 bytes, queue.o(i.prvCopyDataFromQueue))
<BR><BR>[Stack]<UL><LI>Max Depth = 8<LI>Call Chain = prvCopyDataFromQueue
</UL>
<BR>[Calls]<UL><LI><a href="#[3be]">&gt;&gt;</a>&nbsp;&nbsp;&nbsp;__aeabi_memcpy
</UL>
<BR>[Called By]<UL><LI><a href="#[3a6]">&gt;&gt;</a>&nbsp;&nbsp;&nbsp;xQueueReceiveFromISR
<LI><a href="#[3a7]">&gt;&gt;</a>&nbsp;&nbsp;&nbsp;xQueueReceive
</UL>

<P><STRONG><a name="[3bf]"></a>prvCopyDataToQueue</STRONG> (Thumb, 108 bytes, Stack size 24 bytes, queue.o(i.prvCopyDataToQueue))
<BR><BR>[Stack]<UL><LI>Max Depth = 40<LI>Call Chain = prvCopyDataToQueue &rArr; xTaskPriorityDisinherit
</UL>
<BR>[Calls]<UL><LI><a href="#[3c0]">&gt;&gt;</a>&nbsp;&nbsp;&nbsp;xTaskPriorityDisinherit
<LI><a href="#[3be]">&gt;&gt;</a>&nbsp;&nbsp;&nbsp;__aeabi_memcpy
</UL>
<BR>[Called By]<UL><LI><a href="#[3ab]">&gt;&gt;</a>&nbsp;&nbsp;&nbsp;xQueueGenericSendFromISR
<LI><a href="#[3ac]">&gt;&gt;</a>&nbsp;&nbsp;&nbsp;xQueueGenericSend
</UL>

<P><STRONG><a name="[3c4]"></a>prvInitialiseNewQueue</STRONG> (Thumb, 34 bytes, Stack size 16 bytes, queue.o(i.prvInitialiseNewQueue))
<BR><BR>[Stack]<UL><LI>Max Depth = 48<LI>Call Chain = prvInitialiseNewQueue &rArr; xQueueGenericReset &rArr; xTaskRemoveFromEventList
</UL>
<BR>[Calls]<UL><LI><a href="#[3c5]">&gt;&gt;</a>&nbsp;&nbsp;&nbsp;xQueueGenericReset
</UL>
<BR>[Called By]<UL><LI><a href="#[3a8]">&gt;&gt;</a>&nbsp;&nbsp;&nbsp;xQueueGenericCreateStatic
<LI><a href="#[3a9]">&gt;&gt;</a>&nbsp;&nbsp;&nbsp;xQueueGenericCreate
</UL>

<P><STRONG><a name="[3ca]"></a>prvIsQueueEmpty</STRONG> (Thumb, 28 bytes, Stack size 8 bytes, queue.o(i.prvIsQueueEmpty))
<BR><BR>[Stack]<UL><LI>Max Depth = 8<LI>Call Chain = prvIsQueueEmpty
</UL>
<BR>[Calls]<UL><LI><a href="#[3bb]">&gt;&gt;</a>&nbsp;&nbsp;&nbsp;vPortExitCritical
<LI><a href="#[3b9]">&gt;&gt;</a>&nbsp;&nbsp;&nbsp;vPortEnterCritical
</UL>
<BR>[Called By]<UL><LI><a href="#[3ad]">&gt;&gt;</a>&nbsp;&nbsp;&nbsp;xQueueSemaphoreTake
<LI><a href="#[3a7]">&gt;&gt;</a>&nbsp;&nbsp;&nbsp;xQueueReceive
</UL>

<P><STRONG><a name="[3d4]"></a>prvUnlockQueue</STRONG> (Thumb, 106 bytes, Stack size 24 bytes, queue.o(i.prvUnlockQueue))
<BR><BR>[Stack]<UL><LI>Max Depth = 40<LI>Call Chain = prvUnlockQueue &rArr; xTaskRemoveFromEventList
</UL>
<BR>[Calls]<UL><LI><a href="#[3d5]">&gt;&gt;</a>&nbsp;&nbsp;&nbsp;xTaskRemoveFromEventList
<LI><a href="#[3d6]">&gt;&gt;</a>&nbsp;&nbsp;&nbsp;vTaskMissedYield
<LI><a href="#[3bb]">&gt;&gt;</a>&nbsp;&nbsp;&nbsp;vPortExitCritical
<LI><a href="#[3b9]">&gt;&gt;</a>&nbsp;&nbsp;&nbsp;vPortEnterCritical
</UL>
<BR>[Called By]<UL><LI><a href="#[3ad]">&gt;&gt;</a>&nbsp;&nbsp;&nbsp;xQueueSemaphoreTake
<LI><a href="#[3a7]">&gt;&gt;</a>&nbsp;&nbsp;&nbsp;xQueueReceive
<LI><a href="#[3ac]">&gt;&gt;</a>&nbsp;&nbsp;&nbsp;xQueueGenericSend
<LI><a href="#[3d1]">&gt;&gt;</a>&nbsp;&nbsp;&nbsp;vQueueWaitForMessageRestricted
</UL>

<P><STRONG><a name="[3b4]"></a>prvAddCurrentTaskToDelayedList</STRONG> (Thumb, 84 bytes, Stack size 24 bytes, tasks.o(i.prvAddCurrentTaskToDelayedList))
<BR><BR>[Stack]<UL><LI>Max Depth = 36<LI>Call Chain = prvAddCurrentTaskToDelayedList &rArr; vListInsert
</UL>
<BR>[Calls]<UL><LI><a href="#[3b6]">&gt;&gt;</a>&nbsp;&nbsp;&nbsp;vListInsertEnd
<LI><a href="#[3b7]">&gt;&gt;</a>&nbsp;&nbsp;&nbsp;vListInsert
<LI><a href="#[3b5]">&gt;&gt;</a>&nbsp;&nbsp;&nbsp;uxListRemove
</UL>
<BR>[Called By]<UL><LI><a href="#[3e1]">&gt;&gt;</a>&nbsp;&nbsp;&nbsp;vTaskPlaceOnEventListRestricted
<LI><a href="#[3e2]">&gt;&gt;</a>&nbsp;&nbsp;&nbsp;vTaskPlaceOnEventList
<LI><a href="#[3a4]">&gt;&gt;</a>&nbsp;&nbsp;&nbsp;vTaskDelay
</UL>

<P><STRONG><a name="[3b8]"></a>prvAddNewTaskToReadyList</STRONG> (Thumb, 190 bytes, Stack size 24 bytes, tasks.o(i.prvAddNewTaskToReadyList))
<BR><BR>[Stack]<UL><LI>Max Depth = 24<LI>Call Chain = prvAddNewTaskToReadyList
</UL>
<BR>[Calls]<UL><LI><a href="#[3b6]">&gt;&gt;</a>&nbsp;&nbsp;&nbsp;vListInsertEnd
<LI><a href="#[3bb]">&gt;&gt;</a>&nbsp;&nbsp;&nbsp;vPortExitCritical
<LI><a href="#[3b9]">&gt;&gt;</a>&nbsp;&nbsp;&nbsp;vPortEnterCritical
<LI><a href="#[3ba]">&gt;&gt;</a>&nbsp;&nbsp;&nbsp;vListInitialise
</UL>
<BR>[Called By]<UL><LI><a href="#[3b2]">&gt;&gt;</a>&nbsp;&nbsp;&nbsp;xTaskCreateStatic
<LI><a href="#[3b3]">&gt;&gt;</a>&nbsp;&nbsp;&nbsp;xTaskCreate
</UL>

<P><STRONG><a name="[3c1]"></a>prvDeleteTCB</STRONG> (Thumb, 52 bytes, Stack size 8 bytes, tasks.o(i.prvDeleteTCB))
<BR><BR>[Stack]<UL><LI>Max Depth = 80<LI>Call Chain = prvDeleteTCB &rArr; vPortFree &rArr; xTaskResumeAll &rArr; xTaskIncrementTick
</UL>
<BR>[Calls]<UL><LI><a href="#[3c2]">&gt;&gt;</a>&nbsp;&nbsp;&nbsp;vPortFree
</UL>
<BR>[Called By]<UL><LI><a href="#[b5]">&gt;&gt;</a>&nbsp;&nbsp;&nbsp;prvIdleTask
</UL>

<P><STRONG><a name="[b5]"></a>prvIdleTask</STRONG> (Thumb, 86 bytes, Stack size 0 bytes, tasks.o(i.prvIdleTask))
<BR><BR>[Stack]<UL><LI>Max Depth = 80<LI>Call Chain = prvIdleTask &rArr; prvDeleteTCB &rArr; vPortFree &rArr; xTaskResumeAll &rArr; xTaskIncrementTick
</UL>
<BR>[Calls]<UL><LI><a href="#[3c3]">&gt;&gt;</a>&nbsp;&nbsp;&nbsp;vApplicationIdleHook
<LI><a href="#[3b5]">&gt;&gt;</a>&nbsp;&nbsp;&nbsp;uxListRemove
<LI><a href="#[3bb]">&gt;&gt;</a>&nbsp;&nbsp;&nbsp;vPortExitCritical
<LI><a href="#[3b9]">&gt;&gt;</a>&nbsp;&nbsp;&nbsp;vPortEnterCritical
<LI><a href="#[3c1]">&gt;&gt;</a>&nbsp;&nbsp;&nbsp;prvDeleteTCB
</UL>
<BR>[Address Reference Count : 1]<UL><LI> tasks.o(i.vTaskStartScheduler)
</UL>
<P><STRONG><a name="[3c6]"></a>prvInitialiseNewTask</STRONG> (Thumb, 178 bytes, Stack size 40 bytes, tasks.o(i.prvInitialiseNewTask))
<BR><BR>[Stack]<UL><LI>Max Depth = 48 + Unknown Stack Size
<LI>Call Chain = prvInitialiseNewTask &rArr; pxPortInitialiseStack
</UL>
<BR>[Calls]<UL><LI><a href="#[3c7]">&gt;&gt;</a>&nbsp;&nbsp;&nbsp;vListInitialiseItem
<LI><a href="#[3c8]">&gt;&gt;</a>&nbsp;&nbsp;&nbsp;pxPortInitialiseStack
<LI><a href="#[1e0]">&gt;&gt;</a>&nbsp;&nbsp;&nbsp;__aeabi_memset
</UL>
<BR>[Called By]<UL><LI><a href="#[3b2]">&gt;&gt;</a>&nbsp;&nbsp;&nbsp;xTaskCreateStatic
<LI><a href="#[3b3]">&gt;&gt;</a>&nbsp;&nbsp;&nbsp;xTaskCreate
</UL>

<P><STRONG><a name="[3f0]"></a>prvResetNextTaskUnblockTime</STRONG> (Thumb, 26 bytes, Stack size 0 bytes, tasks.o(i.prvResetNextTaskUnblockTime))
<BR><BR>[Called By]<UL><LI><a href="#[3d0]">&gt;&gt;</a>&nbsp;&nbsp;&nbsp;xTaskResumeAll
<LI><a href="#[3eb]">&gt;&gt;</a>&nbsp;&nbsp;&nbsp;xTaskIncrementTick
</UL>

<P><STRONG><a name="[3bc]"></a>prvCheckForValidListAndQueue</STRONG> (Thumb, 72 bytes, Stack size 16 bytes, timers.o(i.prvCheckForValidListAndQueue))
<BR><BR>[Stack]<UL><LI>Max Depth = 80<LI>Call Chain = prvCheckForValidListAndQueue &rArr; xQueueGenericCreateStatic &rArr; prvInitialiseNewQueue &rArr; xQueueGenericReset &rArr; xTaskRemoveFromEventList
</UL>
<BR>[Calls]<UL><LI><a href="#[3a8]">&gt;&gt;</a>&nbsp;&nbsp;&nbsp;xQueueGenericCreateStatic
<LI><a href="#[3aa]">&gt;&gt;</a>&nbsp;&nbsp;&nbsp;vQueueAddToRegistry
<LI><a href="#[3bb]">&gt;&gt;</a>&nbsp;&nbsp;&nbsp;vPortExitCritical
<LI><a href="#[3b9]">&gt;&gt;</a>&nbsp;&nbsp;&nbsp;vPortEnterCritical
<LI><a href="#[3ba]">&gt;&gt;</a>&nbsp;&nbsp;&nbsp;vListInitialise
</UL>
<BR>[Called By]<UL><LI><a href="#[3e5]">&gt;&gt;</a>&nbsp;&nbsp;&nbsp;xTimerCreateTimerTask
</UL>

<P><STRONG><a name="[3c9]"></a>prvInsertTimerInActiveList</STRONG> (Thumb, 52 bytes, Stack size 16 bytes, timers.o(i.prvInsertTimerInActiveList))
<BR><BR>[Stack]<UL><LI>Max Depth = 28<LI>Call Chain = prvInsertTimerInActiveList &rArr; vListInsert
</UL>
<BR>[Calls]<UL><LI><a href="#[3b7]">&gt;&gt;</a>&nbsp;&nbsp;&nbsp;vListInsert
</UL>
<BR>[Called By]<UL><LI><a href="#[3ce]">&gt;&gt;</a>&nbsp;&nbsp;&nbsp;prvProcessTimerOrBlockTask
<LI><a href="#[3cb]">&gt;&gt;</a>&nbsp;&nbsp;&nbsp;prvProcessReceivedCommands
</UL>

<P><STRONG><a name="[3cb]"></a>prvProcessReceivedCommands</STRONG> (Thumb, 248 bytes, Stack size 48 bytes, timers.o(i.prvProcessReceivedCommands))
<BR><BR>[Stack]<UL><LI>Max Depth = 240<LI>Call Chain = prvProcessReceivedCommands &rArr; prvSampleTimeNow &rArr; prvSwitchTimerLists &rArr; xTimerGenericCommand &rArr; xQueueGenericSend &rArr; xTaskResumeAll &rArr; xTaskIncrementTick
</UL>
<BR>[Calls]<UL><LI><a href="#[3a7]">&gt;&gt;</a>&nbsp;&nbsp;&nbsp;xQueueReceive
<LI><a href="#[3b5]">&gt;&gt;</a>&nbsp;&nbsp;&nbsp;uxListRemove
<LI><a href="#[3c2]">&gt;&gt;</a>&nbsp;&nbsp;&nbsp;vPortFree
<LI><a href="#[3cd]">&gt;&gt;</a>&nbsp;&nbsp;&nbsp;xTimerGenericCommand
<LI><a href="#[3cc]">&gt;&gt;</a>&nbsp;&nbsp;&nbsp;prvSampleTimeNow
<LI><a href="#[3c9]">&gt;&gt;</a>&nbsp;&nbsp;&nbsp;prvInsertTimerInActiveList
</UL>
<BR>[Called By]<UL><LI><a href="#[b6]">&gt;&gt;</a>&nbsp;&nbsp;&nbsp;prvTimerTask
</UL>

<P><STRONG><a name="[3ce]"></a>prvProcessTimerOrBlockTask</STRONG> (Thumb, 182 bytes, Stack size 32 bytes, timers.o(i.prvProcessTimerOrBlockTask))
<BR><BR>[Stack]<UL><LI>Max Depth = 224<LI>Call Chain = prvProcessTimerOrBlockTask &rArr; prvSampleTimeNow &rArr; prvSwitchTimerLists &rArr; xTimerGenericCommand &rArr; xQueueGenericSend &rArr; xTaskResumeAll &rArr; xTaskIncrementTick
</UL>
<BR>[Calls]<UL><LI><a href="#[3d1]">&gt;&gt;</a>&nbsp;&nbsp;&nbsp;vQueueWaitForMessageRestricted
<LI><a href="#[3b5]">&gt;&gt;</a>&nbsp;&nbsp;&nbsp;uxListRemove
<LI><a href="#[3d0]">&gt;&gt;</a>&nbsp;&nbsp;&nbsp;xTaskResumeAll
<LI><a href="#[3cf]">&gt;&gt;</a>&nbsp;&nbsp;&nbsp;vTaskSuspendAll
<LI><a href="#[3cd]">&gt;&gt;</a>&nbsp;&nbsp;&nbsp;xTimerGenericCommand
<LI><a href="#[3cc]">&gt;&gt;</a>&nbsp;&nbsp;&nbsp;prvSampleTimeNow
<LI><a href="#[3c9]">&gt;&gt;</a>&nbsp;&nbsp;&nbsp;prvInsertTimerInActiveList
</UL>
<BR>[Called By]<UL><LI><a href="#[b6]">&gt;&gt;</a>&nbsp;&nbsp;&nbsp;prvTimerTask
</UL>

<P><STRONG><a name="[3cc]"></a>prvSampleTimeNow</STRONG> (Thumb, 36 bytes, Stack size 16 bytes, timers.o(i.prvSampleTimeNow))
<BR><BR>[Stack]<UL><LI>Max Depth = 192<LI>Call Chain = prvSampleTimeNow &rArr; prvSwitchTimerLists &rArr; xTimerGenericCommand &rArr; xQueueGenericSend &rArr; xTaskResumeAll &rArr; xTaskIncrementTick
</UL>
<BR>[Calls]<UL><LI><a href="#[3d3]">&gt;&gt;</a>&nbsp;&nbsp;&nbsp;prvSwitchTimerLists
<LI><a href="#[3d2]">&gt;&gt;</a>&nbsp;&nbsp;&nbsp;xTaskGetTickCount
</UL>
<BR>[Called By]<UL><LI><a href="#[3ce]">&gt;&gt;</a>&nbsp;&nbsp;&nbsp;prvProcessTimerOrBlockTask
<LI><a href="#[3cb]">&gt;&gt;</a>&nbsp;&nbsp;&nbsp;prvProcessReceivedCommands
</UL>

<P><STRONG><a name="[3d3]"></a>prvSwitchTimerLists</STRONG> (Thumb, 104 bytes, Stack size 24 bytes, timers.o(i.prvSwitchTimerLists))
<BR><BR>[Stack]<UL><LI>Max Depth = 176<LI>Call Chain = prvSwitchTimerLists &rArr; xTimerGenericCommand &rArr; xQueueGenericSend &rArr; xTaskResumeAll &rArr; xTaskIncrementTick
</UL>
<BR>[Calls]<UL><LI><a href="#[3b7]">&gt;&gt;</a>&nbsp;&nbsp;&nbsp;vListInsert
<LI><a href="#[3b5]">&gt;&gt;</a>&nbsp;&nbsp;&nbsp;uxListRemove
<LI><a href="#[3cd]">&gt;&gt;</a>&nbsp;&nbsp;&nbsp;xTimerGenericCommand
</UL>
<BR>[Called By]<UL><LI><a href="#[3cc]">&gt;&gt;</a>&nbsp;&nbsp;&nbsp;prvSampleTimeNow
</UL>

<P><STRONG><a name="[b6]"></a>prvTimerTask</STRONG> (Thumb, 32 bytes, Stack size 0 bytes, timers.o(i.prvTimerTask))
<BR><BR>[Stack]<UL><LI>Max Depth = 240<LI>Call Chain = prvTimerTask &rArr; prvProcessReceivedCommands &rArr; prvSampleTimeNow &rArr; prvSwitchTimerLists &rArr; xTimerGenericCommand &rArr; xQueueGenericSend &rArr; xTaskResumeAll &rArr; xTaskIncrementTick
</UL>
<BR>[Calls]<UL><LI><a href="#[3ce]">&gt;&gt;</a>&nbsp;&nbsp;&nbsp;prvProcessTimerOrBlockTask
<LI><a href="#[3cb]">&gt;&gt;</a>&nbsp;&nbsp;&nbsp;prvProcessReceivedCommands
</UL>
<BR>[Address Reference Count : 1]<UL><LI> timers.o(i.xTimerCreateTimerTask)
</UL>
<P><STRONG><a name="[3d8]"></a>prvHeapInit</STRONG> (Thumb, 66 bytes, Stack size 0 bytes, heap_4.o(i.prvHeapInit))
<BR><BR>[Called By]<UL><LI><a href="#[3d7]">&gt;&gt;</a>&nbsp;&nbsp;&nbsp;pvPortMalloc
</UL>

<P><STRONG><a name="[3d9]"></a>prvInsertBlockIntoFreeList</STRONG> (Thumb, 72 bytes, Stack size 12 bytes, heap_4.o(i.prvInsertBlockIntoFreeList))
<BR><BR>[Stack]<UL><LI>Max Depth = 12<LI>Call Chain = prvInsertBlockIntoFreeList
</UL>
<BR>[Called By]<UL><LI><a href="#[3c2]">&gt;&gt;</a>&nbsp;&nbsp;&nbsp;vPortFree
<LI><a href="#[3d7]">&gt;&gt;</a>&nbsp;&nbsp;&nbsp;pvPortMalloc
</UL>

<P><STRONG><a name="[b2]"></a>prvTaskExitError</STRONG> (Thumb, 36 bytes, Stack size 0 bytes, port.o(i.prvTaskExitError))
<BR>[Address Reference Count : 1]<UL><LI> port.o(i.pxPortInitialiseStack)
</UL>
<P><STRONG><a name="[1bc]"></a>__sti___21_typedtextdatabase_cpp_05ec7672</STRONG> (Thumb, 24 bytes, Stack size 8 bytes, typedtextdatabase.o(i.__sti___21_typedtextdatabase_cpp_05ec7672))
<BR><BR>[Stack]<UL><LI>Max Depth = 172<LI>Call Chain = __sti___21_typedtextdatabase_cpp_05ec7672 &rArr; getFont_verdana_40_4bpp() &rArr; touchgfx::GeneratedFont::GeneratedFont(const touchgfx::GlyphNode*, unsigned short, unsigned short, unsigned short, unsigned char, unsigned char, unsigned char, unsigned char, unsigned char, unsigned char, const unsigned char*const *, const touchgfx::KerningNode*, unsigned short, unsigned short, const unsigned short*, const touchgfx::FontContextualFormsTable*) &rArr; touchgfx::ConstFont::ConstFont__sub_object(const touchgfx::GlyphNode*, unsigned short, unsigned short, unsigned short, unsigned char, unsigned char, unsigned char, unsigned char, unsigned char, unsigned char, unsigned short, unsigned short)
</UL>
<BR>[Calls]<UL><LI><a href="#[2a0]">&gt;&gt;</a>&nbsp;&nbsp;&nbsp;getFont_verdana_40_4bpp()
<LI><a href="#[29f]">&gt;&gt;</a>&nbsp;&nbsp;&nbsp;getFont_verdana_20_4bpp()
<LI><a href="#[29c]">&gt;&gt;</a>&nbsp;&nbsp;&nbsp;getFont_verdana_10_4bpp()
</UL>
<BR>[Address Reference Count : 1]<UL><LI> typedtextdatabase.o(.init_array)
</UL>
<P><STRONG><a name="[1bd]"></a>__sti___15_Application_cpp_63cd8d44</STRONG> (Thumb, 14 bytes, Stack size 0 bytes, application.o(i.__sti___15_Application_cpp_63cd8d44))
<BR>[Address Reference Count : 1]<UL><LI> application.o(.init_array)
</UL>
<P><STRONG><a name="[1be]"></a>__sti___7_LCD_cpp_86507772</STRONG> (Thumb, 8 bytes, Stack size 0 bytes, lcd.o(i.__sti___7_LCD_cpp_86507772))
<BR>[Address Reference Count : 1]<UL><LI> lcd.o(.init_array)
</UL><P>
<H3>
Undefined Global Symbols
</H3><HR></body></html>
